#1 [internal] load local bake definitions
#1 reading from stdin 1.15kB 0.0s done
#1 DONE 0.0s

#2 [api internal] load build definition from Dockerfile
#2 transferring dockerfile: 375B done
#2 DONE 0.0s

#3 [web internal] load build definition from Dockerfile
#3 transferring dockerfile: 273B done
#3 DONE 0.0s

#4 [api internal] load metadata for docker.io/library/alpine:3.20
#4 DONE 0.1s

#5 [web internal] load metadata for docker.io/library/nginx:1.27-alpine
#5 DONE 0.1s

#6 [web internal] load metadata for docker.io/library/node:24-alpine
#6 ...

#7 [api internal] load metadata for docker.io/library/golang:1.22-alpine
#7 DONE 0.3s

#6 [web internal] load metadata for docker.io/library/node:24-alpine
#6 DONE 0.3s

#8 [api internal] load .dockerignore
#8 transferring context: 114B 0.0s done
#8 DONE 0.0s

#9 [web internal] load .dockerignore
#9 transferring context: 79B done
#9 DONE 0.0s

#10 [api internal] load build context
#10 DONE 0.0s

#11 [web internal] load build context
#11 transferring context: 1.49kB 0.0s done
#11 DONE 0.0s

#12 [api build 1/7] FROM docker.io/library/golang:1.22-alpine@sha256:1699c10032ca2582ec89a24a1312d986a3f094aed3d5c1147b19880afe40e052
#12 resolve docker.io/library/golang:1.22-alpine@sha256:1699c10032ca2582ec89a24a1312d986a3f094aed3d5c1147b19880afe40e052 0.1s done
#12 DONE 0.1s

#13 [web stage-1 1/3] FROM docker.io/library/nginx:1.27-alpine@sha256:65645c7bb6a0661892a8b03b89d0743208a18dd2f3f17a54ef4b76fb8e2f2a10
#13 resolve docker.io/library/nginx:1.27-alpine@sha256:65645c7bb6a0661892a8b03b89d0743208a18dd2f3f17a54ef4b76fb8e2f2a10 0.1s done
#13 DONE 0.1s

#14 [api stage-1 1/3] FROM docker.io/library/alpine:3.20@sha256:d9e853e87e55526f6b2917df91a2115c36dd7c696a35be12163d44e6e2a4b6bc
#14 resolve docker.io/library/alpine:3.20@sha256:d9e853e87e55526f6b2917df91a2115c36dd7c696a35be12163d44e6e2a4b6bc 0.1s done
#14 DONE 0.1s

#15 [web build 1/6] FROM docker.io/library/node:24-alpine@sha256:d32cdf619f63fe0471182d08996dd516c6275bb5fd31ae06e55a570bd9e1ad43
#15 resolve docker.io/library/node:24-alpine@sha256:d32cdf619f63fe0471182d08996dd516c6275bb5fd31ae06e55a570bd9e1ad43 0.1s done
#15 DONE 0.1s

#10 [api internal] load build context
#10 transferring context: 6.68kB 0.0s done
#10 DONE 0.0s

#16 [web stage-1 2/3] COPY --from=build /app/dist /usr/share/nginx/html
#16 CACHED

#17 [web build 3/6] COPY package.json .
#17 CACHED

#18 [web build 4/6] RUN npm install
#18 CACHED

#19 [web build 6/6] RUN npm run build
#19 CACHED

#20 [web build 5/6] COPY . .
#20 CACHED

#21 [web build 2/6] WORKDIR /app
#21 CACHED

#22 [api build 3/7] COPY go.mod go.sum ./
#22 CACHED

#23 [api build 6/7] COPY internal ./internal
#23 CACHED

#24 [api stage-1 2/3] RUN adduser -D -u 10001 app
#24 CACHED

#25 [api build 4/7] RUN go mod download
#25 CACHED

#26 [api build 5/7] COPY cmd ./cmd
#26 CACHED

#27 [api build 2/7] WORKDIR /src
#27 CACHED

#28 [api build 7/7] RUN CGO_ENABLED=0 go build -buildvcs=false -trimpath -o /out/api ./cmd/api
#28 CACHED

#29 [web stage-1 3/3] COPY nginx.conf /etc/nginx/conf.d/default.conf
#29 CACHED

#30 [api stage-1 3/3] COPY --from=build /out/api /api
#30 CACHED

#31 [api] exporting to image
#31 exporting layers done
#31 exporting manifest sha256:049320db65d2b0160c977e324446255e42e7bc9c4943b27053e16e441b376aa2 done
#31 exporting config sha256:70dbd8e3aa82927dc4931914e319d94b4ab0b4dd8ece192eddc09d6ddff63d51 done
#31 exporting attestation manifest sha256:4c102269d3578376b9e0a09a8d67f3e5c91890c1224f8d558eb409c08fceecc1 0.1s done
#31 exporting manifest list sha256:fa4dfdb38304400193acd7d976acf76e4858f3a1f5776375550c2a5a02e29de4
#31 exporting manifest list sha256:fa4dfdb38304400193acd7d976acf76e4858f3a1f5776375550c2a5a02e29de4 0.0s done
#31 naming to docker.io/library/go-property-rental-formal-gold-api:latest 0.0s done
#31 unpacking to docker.io/library/go-property-rental-formal-gold-api:latest done
#31 DONE 0.2s

#32 [web] exporting to image
#32 exporting layers 0.0s done
#32 exporting manifest sha256:e53b73568ee8aefdf214c82df547432f365268ca42dd5b856e5d2a80e71285ff 0.0s done
#32 exporting config sha256:73db321c5384147f98f2958207109e65c2829b7d661c12f5d2d55c3cad4d9d41 done
#32 exporting attestation manifest sha256:788b374e8a9273d0dc40cebcfdefcb11c690648fdc4d02be8b3b294583bd9c48 0.1s done
#32 exporting manifest list sha256:6c59ba87540f70ffbab7cfefb1586e766821c12cdef686063d57f13410437d39 0.0s done
#32 naming to docker.io/library/go-property-rental-formal-gold-web:latest done
#32 unpacking to docker.io/library/go-property-rental-formal-gold-web:latest 0.0s done
#32 DONE 0.3s

#33 [api] resolving provenance for metadata file
#33 DONE 0.0s

#34 [web] resolving provenance for metadata file
#34 DONE 0.0s
