#1 [internal] load local bake definitions
#1 reading from stdin 1.15kB 0.0s done
#1 DONE 0.0s

#2 [api internal] load build definition from Dockerfile
#2 transferring dockerfile: 375B 0.0s done
#2 DONE 0.0s

#3 [web internal] load build definition from Dockerfile
#3 transferring dockerfile: 273B 0.0s done
#3 DONE 0.1s

#4 [api internal] load metadata for docker.io/library/alpine:3.20
#4 DONE 0.1s

#5 [web internal] load metadata for docker.io/library/node:24-alpine
#5 DONE 0.2s

#6 [web internal] load metadata for docker.io/library/nginx:1.27-alpine
#6 DONE 0.1s

#7 [api internal] load metadata for docker.io/library/golang:1.22-alpine
#7 DONE 0.2s

#8 [web internal] load .dockerignore
#8 transferring context: 79B 0.0s done
#8 DONE 0.0s

#9 [api internal] load .dockerignore
#9 transferring context: 114B 0.0s done
#9 DONE 0.0s

#10 [api internal] load build context
#10 DONE 0.0s

#11 [web internal] load build context
#11 transferring context: 1.49kB 0.0s done
#11 DONE 0.0s

#12 [api stage-1 1/3] FROM docker.io/library/alpine:3.20@sha256:d9e853e87e55526f6b2917df91a2115c36dd7c696a35be12163d44e6e2a4b6bc
#12 resolve docker.io/library/alpine:3.20@sha256:d9e853e87e55526f6b2917df91a2115c36dd7c696a35be12163d44e6e2a4b6bc
#12 ...

#13 [web build 1/6] FROM docker.io/library/node:24-alpine@sha256:d32cdf619f63fe0471182d08996dd516c6275bb5fd31ae06e55a570bd9e1ad43
#13 resolve docker.io/library/node:24-alpine@sha256:d32cdf619f63fe0471182d08996dd516c6275bb5fd31ae06e55a570bd9e1ad43 0.1s done
#13 DONE 0.2s

#14 [web stage-1 1/3] FROM docker.io/library/nginx:1.27-alpine@sha256:65645c7bb6a0661892a8b03b89d0743208a18dd2f3f17a54ef4b76fb8e2f2a10
#14 resolve docker.io/library/nginx:1.27-alpine@sha256:65645c7bb6a0661892a8b03b89d0743208a18dd2f3f17a54ef4b76fb8e2f2a10 0.1s done
#14 DONE 0.2s

#12 [api stage-1 1/3] FROM docker.io/library/alpine:3.20@sha256:d9e853e87e55526f6b2917df91a2115c36dd7c696a35be12163d44e6e2a4b6bc
#12 resolve docker.io/library/alpine:3.20@sha256:d9e853e87e55526f6b2917df91a2115c36dd7c696a35be12163d44e6e2a4b6bc 0.1s done
#12 DONE 0.2s

#15 [api build 1/7] FROM docker.io/library/golang:1.22-alpine@sha256:1699c10032ca2582ec89a24a1312d986a3f094aed3d5c1147b19880afe40e052
#15 resolve docker.io/library/golang:1.22-alpine@sha256:1699c10032ca2582ec89a24a1312d986a3f094aed3d5c1147b19880afe40e052 0.1s done
#15 DONE 0.2s

#16 [web build 4/6] RUN npm install
#16 CACHED

#17 [web build 5/6] COPY . .
#17 CACHED

#18 [web build 3/6] COPY package.json .
#18 CACHED

#19 [web build 2/6] WORKDIR /app
#19 CACHED

#20 [web build 6/6] RUN npm run build
#20 CACHED

#21 [web stage-1 2/3] COPY --from=build /app/dist /usr/share/nginx/html
#21 CACHED

#22 [web stage-1 3/3] COPY nginx.conf /etc/nginx/conf.d/default.conf
#22 CACHED

#10 [api internal] load build context
#10 transferring context: 14.67kB 0.0s done
#10 DONE 0.1s

#23 [api build 2/7] WORKDIR /src
#23 CACHED

#24 [api build 3/7] COPY go.mod go.sum ./
#24 CACHED

#25 [api build 4/7] RUN go mod download
#25 CACHED

#26 [api build 5/7] COPY cmd ./cmd
#26 CACHED

#27 [web] exporting to image
#27 exporting layers 0.0s done
#27 exporting manifest sha256:e53b73568ee8aefdf214c82df547432f365268ca42dd5b856e5d2a80e71285ff done
#27 exporting config sha256:73db321c5384147f98f2958207109e65c2829b7d661c12f5d2d55c3cad4d9d41 0.0s done
#27 exporting attestation manifest sha256:fd35b4ec4b15db4fb86736c36cb75d4b7292ade36e1b0fab3d4542e464dfa839
#27 ...

#28 [api build 6/7] COPY internal ./internal
#28 DONE 0.1s

#27 [web] exporting to image
#27 exporting attestation manifest sha256:fd35b4ec4b15db4fb86736c36cb75d4b7292ade36e1b0fab3d4542e464dfa839 0.1s done
#27 exporting manifest list sha256:b9e53f0fbdf4ed1e0e2df75a8ca8cb8a5b3dc590a417a9326de5f5cb4c4bce6b 0.1s done
#27 naming to docker.io/library/go-property-rental-formal-gold-web:latest
#27 naming to docker.io/library/go-property-rental-formal-gold-web:latest 0.3s done
#27 unpacking to docker.io/library/go-property-rental-formal-gold-web:latest
#27 unpacking to docker.io/library/go-property-rental-formal-gold-web:latest 0.1s done
#27 DONE 1.1s

#29 [api build 7/7] RUN CGO_ENABLED=0 go build -buildvcs=false -trimpath -o /out/api ./cmd/api
#29 ...

#30 [web] resolving provenance for metadata file
#30 DONE 0.0s

#29 [api build 7/7] RUN CGO_ENABLED=0 go build -buildvcs=false -trimpath -o /out/api ./cmd/api
#29 DONE 17.8s

#31 [api stage-1 2/3] RUN adduser -D -u 10001 app
#31 CACHED

#32 [api stage-1 3/3] COPY --from=build /out/api /api
#32 DONE 0.1s

#33 [api] exporting to image
#33 exporting layers
#33 exporting layers 1.0s done
#33 exporting manifest sha256:ed16f3243414b12421e66b780cb7113f3bb11367dc7b67bace1116256be941c7 0.0s done
#33 exporting config sha256:a2c80dc0e2de451d01d75e2bacc211e5baaf92fdca7c222c67713cb9b2b20116 0.1s done
#33 exporting attestation manifest sha256:7c7285c29e303fb451e0b0617a7e4f9d240bccc226d5afeb7b8aff46f662e3c8
#33 exporting attestation manifest sha256:7c7285c29e303fb451e0b0617a7e4f9d240bccc226d5afeb7b8aff46f662e3c8 0.1s done
#33 exporting manifest list sha256:fa8187f9cd4378398340d3d54917b939370a476338d830d1764d4dedadfaec8f 0.1s done
#33 naming to docker.io/library/go-property-rental-formal-gold-api:latest
#33 naming to docker.io/library/go-property-rental-formal-gold-api:latest done
#33 unpacking to docker.io/library/go-property-rental-formal-gold-api:latest
#33 unpacking to docker.io/library/go-property-rental-formal-gold-api:latest 0.2s done
#33 DONE 1.7s

#34 [api] resolving provenance for metadata file
#34 DONE 0.0s
