#1 [internal] load local bake definitions
#1 reading from stdin 1.15kB 0.0s done
#1 DONE 0.0s

#2 [web internal] load build definition from Dockerfile
#2 transferring dockerfile: 273B 0.0s done
#2 DONE 0.0s

#3 [api internal] load build definition from Dockerfile
#3 transferring dockerfile: 375B 0.0s done
#3 DONE 0.0s

#4 [web internal] load metadata for docker.io/library/nginx:1.27-alpine
#4 DONE 0.1s

#5 [api internal] load metadata for docker.io/library/alpine:3.20
#5 DONE 0.1s

#6 [api internal] load metadata for docker.io/library/golang:1.22-alpine
#6 DONE 0.3s

#7 [web internal] load metadata for docker.io/library/node:24-alpine
#7 DONE 0.3s

#8 [api internal] load .dockerignore
#8 transferring context: 114B 0.0s done
#8 DONE 0.0s

#9 [api internal] load build context
#9 DONE 0.0s

#10 [web internal] load .dockerignore
#10 transferring context: 79B done
#10 DONE 0.0s

#11 [api stage-1 1/3] FROM docker.io/library/alpine:3.20@sha256:d9e853e87e55526f6b2917df91a2115c36dd7c696a35be12163d44e6e2a4b6bc
#11 resolve docker.io/library/alpine:3.20@sha256:d9e853e87e55526f6b2917df91a2115c36dd7c696a35be12163d44e6e2a4b6bc 0.1s done
#11 DONE 0.1s

#12 [web internal] load build context
#12 transferring context: 1.49kB done
#12 DONE 0.0s

#13 [api build 1/7] FROM docker.io/library/golang:1.22-alpine@sha256:1699c10032ca2582ec89a24a1312d986a3f094aed3d5c1147b19880afe40e052
#13 resolve docker.io/library/golang:1.22-alpine@sha256:1699c10032ca2582ec89a24a1312d986a3f094aed3d5c1147b19880afe40e052 0.1s done
#13 DONE 0.1s

#9 [api internal] load build context
#9 transferring context: 6.68kB 0.0s done
#9 DONE 0.0s

#14 [web build 1/6] FROM docker.io/library/node:24-alpine@sha256:d32cdf619f63fe0471182d08996dd516c6275bb5fd31ae06e55a570bd9e1ad43
#14 resolve docker.io/library/node:24-alpine@sha256:d32cdf619f63fe0471182d08996dd516c6275bb5fd31ae06e55a570bd9e1ad43 0.1s done
#14 DONE 0.1s

#15 [api build 6/7] COPY internal ./internal
#15 CACHED

#16 [api build 5/7] COPY cmd ./cmd
#16 CACHED

#17 [api stage-1 2/3] RUN adduser -D -u 10001 app
#17 CACHED

#18 [api build 7/7] RUN CGO_ENABLED=0 go build -buildvcs=false -trimpath -o /out/api ./cmd/api
#18 CACHED

#19 [api build 4/7] RUN go mod download
#19 CACHED

#20 [api build 3/7] COPY go.mod go.sum ./
#20 CACHED

#21 [api build 2/7] WORKDIR /src
#21 CACHED

#22 [api stage-1 3/3] COPY --from=build /out/api /api
#22 CACHED

#23 [web stage-1 1/3] FROM docker.io/library/nginx:1.27-alpine@sha256:65645c7bb6a0661892a8b03b89d0743208a18dd2f3f17a54ef4b76fb8e2f2a10
#23 resolve docker.io/library/nginx:1.27-alpine@sha256:65645c7bb6a0661892a8b03b89d0743208a18dd2f3f17a54ef4b76fb8e2f2a10 0.1s done
#23 DONE 0.1s

#24 [api] exporting to image
#24 exporting layers done
#24 exporting manifest sha256:ed16f3243414b12421e66b780cb7113f3bb11367dc7b67bace1116256be941c7
#24 ...

#25 [web stage-1 2/3] COPY --from=build /app/dist /usr/share/nginx/html
#25 CACHED

#26 [web build 3/6] COPY package.json .
#26 CACHED

#27 [web build 4/6] RUN npm install
#27 CACHED

#28 [web build 6/6] RUN npm run build
#28 CACHED

#29 [web build 2/6] WORKDIR /app
#29 CACHED

#30 [web build 5/6] COPY . .
#30 CACHED

#31 [web stage-1 3/3] COPY nginx.conf /etc/nginx/conf.d/default.conf
#31 CACHED

#24 [api] exporting to image
#24 exporting manifest sha256:ed16f3243414b12421e66b780cb7113f3bb11367dc7b67bace1116256be941c7 done
#24 exporting config sha256:a2c80dc0e2de451d01d75e2bacc211e5baaf92fdca7c222c67713cb9b2b20116 done
#24 exporting attestation manifest sha256:48af6c39bd44430e938b53a5f96a9d56fb5a6692610469647e81279e57d5e4f2 0.1s done
#24 exporting manifest list sha256:15191b936a958ba0d105cd1fa726ca8666a15058bfa51d5f5af82ae2fa6c438d
#24 exporting manifest list sha256:15191b936a958ba0d105cd1fa726ca8666a15058bfa51d5f5af82ae2fa6c438d 0.0s done
#24 naming to docker.io/library/go-property-rental-formal-gold-api:latest 0.0s done
#24 unpacking to docker.io/library/go-property-rental-formal-gold-api:latest 0.0s done
#24 DONE 0.5s

#32 [web] exporting to image
#32 exporting layers 0.0s done
#32 exporting manifest sha256:e53b73568ee8aefdf214c82df547432f365268ca42dd5b856e5d2a80e71285ff 0.0s done
#32 exporting config sha256:73db321c5384147f98f2958207109e65c2829b7d661c12f5d2d55c3cad4d9d41 done
#32 exporting attestation manifest sha256:6c6dd3aa64fb41fee2caf4c9ce3f2a91cd9ed2bd4f82fa0da9039c620046199a 0.1s done
#32 exporting manifest list sha256:dd5997129c875096ecd2045c47cd7bc3a7debc027c9516edab04184113ffa391 0.0s done
#32 naming to docker.io/library/go-property-rental-formal-gold-web:latest done
#32 unpacking to docker.io/library/go-property-rental-formal-gold-web:latest 0.0s done
#32 DONE 0.7s

#33 [api] resolving provenance for metadata file
#33 DONE 0.0s

#34 [web] resolving provenance for metadata file
#34 DONE 0.0s
