 go-property-rental-folder-calibration-web  Built
 go-property-rental-folder-calibration-api  Built
 Network go-property-rental-folder-calibration_default  Creating
 Network go-property-rental-folder-calibration_default  Created
 Volume go-property-rental-folder-calibration_mysql_data  Creating
 Volume go-property-rental-folder-calibration_mysql_data  Created
 Volume go-property-rental-folder-calibration_redis_data  Creating
 Volume go-property-rental-folder-calibration_redis_data  Created
 Container go-property-rental-folder-calibration-redis-1  Creating
 Container go-property-rental-folder-calibration-mysql-1  Creating
 Container go-property-rental-folder-calibration-mysql-1  Created
 Container go-property-rental-folder-calibration-redis-1  Created
 Container go-property-rental-folder-calibration-api-1  Creating
 Container go-property-rental-folder-calibration-api-1  Created
 Container go-property-rental-folder-calibration-web-1  Creating
 Container go-property-rental-folder-calibration-web-1  Created
 Container go-property-rental-folder-calibration-mysql-1  Starting
 Container go-property-rental-folder-calibration-redis-1  Starting
 Container go-property-rental-folder-calibration-mysql-1  Started
 Container go-property-rental-folder-calibration-redis-1  Started
 Container go-property-rental-folder-calibration-mysql-1  Waiting
 Container go-property-rental-folder-calibration-redis-1  Waiting
 Container go-property-rental-folder-calibration-redis-1  Healthy
 Container go-property-rental-folder-calibration-mysql-1  Healthy
 Container go-property-rental-folder-calibration-api-1  Starting
 Container go-property-rental-folder-calibration-api-1  Started
 Container go-property-rental-folder-calibration-api-1  Waiting
 Container go-property-rental-folder-calibration-api-1  Healthy
 Container go-property-rental-folder-calibration-web-1  Starting
 Container go-property-rental-folder-calibration-web-1  Started
