 Container go-property-rental-folder-calibration-web-1  Stopping
 Container go-property-rental-folder-calibration-web-1  Stopped
 Container go-property-rental-folder-calibration-web-1  Removing
 Container go-property-rental-folder-calibration-web-1  Removed
 Container go-property-rental-folder-calibration-api-1  Stopping
 Container go-property-rental-folder-calibration-api-1  Stopped
 Container go-property-rental-folder-calibration-api-1  Removing
 Container go-property-rental-folder-calibration-api-1  Removed
 Container go-property-rental-folder-calibration-mysql-1  Stopping
 Container go-property-rental-folder-calibration-redis-1  Stopping
 Container go-property-rental-folder-calibration-redis-1  Stopped
 Container go-property-rental-folder-calibration-redis-1  Removing
 Container go-property-rental-folder-calibration-redis-1  Removed
 Container go-property-rental-folder-calibration-mysql-1  Stopped
 Container go-property-rental-folder-calibration-mysql-1  Removing
 Container go-property-rental-folder-calibration-mysql-1  Removed
 Volume go-property-rental-folder-calibration_mysql_data  Removing
 Network go-property-rental-folder-calibration_default  Removing
 Volume go-property-rental-folder-calibration_redis_data  Removing
 Volume go-property-rental-folder-calibration_mysql_data  Removed
 Volume go-property-rental-folder-calibration_redis_data  Removed
 Network go-property-rental-folder-calibration_default  Removed
