#1 [internal] load local bake definitions
#1 reading from stdin 1.22kB 0.0s done
#1 DONE 0.0s

#2 [api internal] load build definition from Dockerfile
#2 transferring dockerfile: 375B 0.0s done
#2 DONE 0.0s

#3 [web internal] load build definition from Dockerfile
#3 transferring dockerfile: 273B done
#3 DONE 0.0s

#4 [api internal] load metadata for docker.io/library/alpine:3.20
#4 DONE 0.0s

#5 [web internal] load metadata for docker.io/library/nginx:1.27-alpine
#5 DONE 0.0s

#6 [api internal] load metadata for docker.io/library/golang:1.22-alpine
#6 DONE 0.1s

#7 [web internal] load metadata for docker.io/library/node:24-alpine
#7 DONE 0.2s

#8 [api internal] load .dockerignore
#8 transferring context: 114B done
#8 DONE 0.0s

#9 [web internal] load .dockerignore
#9 transferring context: 79B done
#9 DONE 0.0s

#10 [web internal] load build context
#10 transferring context: 1.49kB done
#10 DONE 0.0s

#11 [api build 1/7] FROM docker.io/library/golang:1.22-alpine@sha256:1699c10032ca2582ec89a24a1312d986a3f094aed3d5c1147b19880afe40e052
#11 resolve docker.io/library/golang:1.22-alpine@sha256:1699c10032ca2582ec89a24a1312d986a3f094aed3d5c1147b19880afe40e052 0.0s done
#11 DONE 0.0s

#12 [api stage-1 1/3] FROM docker.io/library/alpine:3.20@sha256:d9e853e87e55526f6b2917df91a2115c36dd7c696a35be12163d44e6e2a4b6bc
#12 resolve docker.io/library/alpine:3.20@sha256:d9e853e87e55526f6b2917df91a2115c36dd7c696a35be12163d44e6e2a4b6bc 0.1s done
#12 DONE 0.1s

#13 [api internal] load build context
#13 transferring context: 6.68kB done
#13 DONE 0.0s

#14 [web stage-1 1/3] FROM docker.io/library/nginx:1.27-alpine@sha256:65645c7bb6a0661892a8b03b89d0743208a18dd2f3f17a54ef4b76fb8e2f2a10
#14 resolve docker.io/library/nginx:1.27-alpine@sha256:65645c7bb6a0661892a8b03b89d0743208a18dd2f3f17a54ef4b76fb8e2f2a10 0.0s done
#14 DONE 0.1s

#15 [web build 1/6] FROM docker.io/library/node:24-alpine@sha256:d32cdf619f63fe0471182d08996dd516c6275bb5fd31ae06e55a570bd9e1ad43
#15 resolve docker.io/library/node:24-alpine@sha256:d32cdf619f63fe0471182d08996dd516c6275bb5fd31ae06e55a570bd9e1ad43 0.0s done
#15 DONE 0.1s

#16 [api build 6/7] COPY internal ./internal
#16 CACHED

#17 [api stage-1 2/3] RUN adduser -D -u 10001 app
#17 CACHED

#18 [api build 4/7] RUN go mod download
#18 CACHED

#19 [api build 3/7] COPY go.mod go.sum ./
#19 CACHED

#20 [api build 7/7] RUN CGO_ENABLED=0 go build -buildvcs=false -trimpath -o /out/api ./cmd/api
#20 CACHED

#21 [api build 2/7] WORKDIR /src
#21 CACHED

#22 [api build 5/7] COPY cmd ./cmd
#22 CACHED

#23 [api stage-1 3/3] COPY --from=build /out/api /api
#23 CACHED

#24 [web build 2/6] WORKDIR /app
#24 CACHED

#25 [web build 3/6] COPY package.json .
#25 CACHED

#26 [web stage-1 2/3] COPY --from=build /app/dist /usr/share/nginx/html
#26 CACHED

#27 [web build 5/6] COPY . .
#27 CACHED

#28 [web build 6/6] RUN npm run build
#28 CACHED

#29 [web build 4/6] RUN npm install
#29 CACHED

#30 [web stage-1 3/3] COPY nginx.conf /etc/nginx/conf.d/default.conf
#30 CACHED

#31 [api] exporting to image
#31 exporting layers done
#31 exporting manifest sha256:896c051f51704a5ef0939c70937af944478f45bcf52c8d61c55028026a84a04a done
#31 exporting config sha256:beba746e66b9b1e7d55d33cc5a986961a588930660f015d7afda529eaf0b7937 done
#31 exporting attestation manifest sha256:9679ae4ed5f655402e39c6a6686312bdd06e99675c701b4a131bb298ab18ec73 0.0s done
#31 exporting manifest list sha256:3511732d6fc863c738c5149c11f5e490de0debde553643a0fce20001d994672d 0.0s done
#31 naming to docker.io/library/go-property-rental-folder-calibration-api:latest done
#31 unpacking to docker.io/library/go-property-rental-folder-calibration-api:latest
#31 unpacking to docker.io/library/go-property-rental-folder-calibration-api:latest done
#31 DONE 0.1s

#32 [api] resolving provenance for metadata file
#32 DONE 0.0s

#33 [web] exporting to image
#33 exporting layers 0.0s done
#33 exporting manifest sha256:4161faada39a360b0e91ac5de3d29a77388e9bb1b3ccca2ee7142d6a306fe30a done
#33 exporting config sha256:2f3fccd543287dc5f983def54e8f836c265ea3ca45f607cdf4346aa9603fa724 done
#33 exporting attestation manifest sha256:04d64f0197da249991912d311cf0494f6cf7db4e9136369467c0b0352fe4a5a2 0.0s done
#33 exporting manifest list sha256:404fed3f69fc125fc621da7de399090e41edb5e38336283c7f48aeb5b8cd365d 0.0s done
#33 naming to docker.io/library/go-property-rental-folder-calibration-web:latest done
#33 unpacking to docker.io/library/go-property-rental-folder-calibration-web:latest 0.1s done
#33 DONE 0.3s

#34 [web] resolving provenance for metadata file
#34 DONE 0.0s
