#1 [internal] load local bake definitions
#1 reading from stdin 1.22kB done
#1 DONE 0.0s

#2 [api internal] load build definition from Dockerfile
#2 transferring dockerfile: 375B done
#2 DONE 0.0s

#3 [web internal] load build definition from Dockerfile
#3 transferring dockerfile: 273B done
#3 DONE 0.0s

#4 [api internal] load metadata for docker.io/library/alpine:3.20
#4 DONE 0.0s

#5 [web internal] load metadata for docker.io/library/nginx:1.27-alpine
#5 DONE 0.0s

#6 [api internal] load metadata for docker.io/library/golang:1.22-alpine
#6 DONE 0.2s

#7 [web internal] load metadata for docker.io/library/node:24-alpine
#7 ...

#8 [api internal] load .dockerignore
#8 transferring context: 114B done
#8 DONE 0.0s

#9 [api stage-1 1/3] FROM docker.io/library/alpine:3.20@sha256:d9e853e87e55526f6b2917df91a2115c36dd7c696a35be12163d44e6e2a4b6bc
#9 resolve docker.io/library/alpine:3.20@sha256:d9e853e87e55526f6b2917df91a2115c36dd7c696a35be12163d44e6e2a4b6bc 0.0s done
#9 DONE 0.0s

#10 [api build 1/7] FROM docker.io/library/golang:1.22-alpine@sha256:1699c10032ca2582ec89a24a1312d986a3f094aed3d5c1147b19880afe40e052
#10 resolve docker.io/library/golang:1.22-alpine@sha256:1699c10032ca2582ec89a24a1312d986a3f094aed3d5c1147b19880afe40e052 0.0s done
#10 DONE 0.0s

#11 [api internal] load build context
#11 transferring context: 6.68kB done
#11 DONE 0.0s

#12 [api build 2/7] WORKDIR /src
#12 CACHED

#13 [api build 3/7] COPY go.mod go.sum ./
#13 CACHED

#14 [api build 7/7] RUN CGO_ENABLED=0 go build -buildvcs=false -trimpath -o /out/api ./cmd/api
#14 CACHED

#15 [api stage-1 2/3] RUN adduser -D -u 10001 app
#15 CACHED

#16 [api build 5/7] COPY cmd ./cmd
#16 CACHED

#17 [api build 4/7] RUN go mod download
#17 CACHED

#18 [api build 6/7] COPY internal ./internal
#18 CACHED

#19 [api stage-1 3/3] COPY --from=build /out/api /api
#19 CACHED

#7 [web internal] load metadata for docker.io/library/node:24-alpine
#7 DONE 0.3s

#20 [web internal] load .dockerignore
#20 transferring context: 79B done
#20 DONE 0.0s

#21 [web internal] load build context
#21 transferring context: 1.49kB done
#21 DONE 0.0s

#22 [api] exporting to image
#22 exporting layers done
#22 exporting manifest sha256:896c051f51704a5ef0939c70937af944478f45bcf52c8d61c55028026a84a04a done
#22 exporting config sha256:beba746e66b9b1e7d55d33cc5a986961a588930660f015d7afda529eaf0b7937 done
#22 exporting attestation manifest sha256:86e29e15809950b8364efdc2b3a5e3b6371a4b984643c1a7ec544432a3992c92 0.0s done
#22 exporting manifest list sha256:6387c9bc897e903f17fd33de9578b83940b3c267304fcca79399d740861a74e9 0.0s done
#22 naming to docker.io/library/go-property-rental-folder-calibration-api:latest done
#22 unpacking to docker.io/library/go-property-rental-folder-calibration-api:latest done
#22 DONE 0.1s

#23 [web build 1/6] FROM docker.io/library/node:24-alpine@sha256:d32cdf619f63fe0471182d08996dd516c6275bb5fd31ae06e55a570bd9e1ad43
#23 resolve docker.io/library/node:24-alpine@sha256:d32cdf619f63fe0471182d08996dd516c6275bb5fd31ae06e55a570bd9e1ad43 0.0s done
#23 DONE 0.0s

#24 [web stage-1 1/3] FROM docker.io/library/nginx:1.27-alpine@sha256:65645c7bb6a0661892a8b03b89d0743208a18dd2f3f17a54ef4b76fb8e2f2a10
#24 resolve docker.io/library/nginx:1.27-alpine@sha256:65645c7bb6a0661892a8b03b89d0743208a18dd2f3f17a54ef4b76fb8e2f2a10 0.1s done
#24 DONE 0.1s

#25 [web build 6/6] RUN npm run build
#25 CACHED

#26 [web stage-1 2/3] COPY --from=build /app/dist /usr/share/nginx/html
#26 CACHED

#27 [web build 4/6] RUN npm install
#27 CACHED

#28 [web build 5/6] COPY . .
#28 CACHED

#29 [web build 2/6] WORKDIR /app
#29 CACHED

#30 [web build 3/6] COPY package.json .
#30 CACHED

#31 [web stage-1 3/3] COPY nginx.conf /etc/nginx/conf.d/default.conf
#31 CACHED

#32 [api] resolving provenance for metadata file
#32 DONE 0.0s

#33 [web] exporting to image
#33 exporting layers 0.0s done
#33 exporting manifest sha256:4161faada39a360b0e91ac5de3d29a77388e9bb1b3ccca2ee7142d6a306fe30a done
#33 exporting config sha256:2f3fccd543287dc5f983def54e8f836c265ea3ca45f607cdf4346aa9603fa724 done
#33 exporting attestation manifest sha256:e542d97ada548a718698b924757ca28b19355a77ce7b341db21bc844b13ac67f 0.0s done
#33 exporting manifest list sha256:8ec5a1dff7dadf40f03813bf7cb052ae72abac861becbeb7c7f8495e30952178
#33 exporting manifest list sha256:8ec5a1dff7dadf40f03813bf7cb052ae72abac861becbeb7c7f8495e30952178 0.0s done
#33 naming to docker.io/library/go-property-rental-folder-calibration-web:latest done
#33 unpacking to docker.io/library/go-property-rental-folder-calibration-web:latest 0.0s done
#33 DONE 0.2s

#34 [web] resolving provenance for metadata file
#34 DONE 0.0s
