#1 [internal] load local bake definitions
#1 reading from stdin 1.22kB done
#1 DONE 0.0s

#2 [web internal] load build definition from Dockerfile
#2 transferring dockerfile: 273B done
#2 DONE 0.0s

#3 [api internal] load build definition from Dockerfile
#3 transferring dockerfile: 375B done
#3 DONE 0.0s

#4 [web internal] load metadata for docker.io/library/nginx:1.27-alpine
#4 DONE 0.0s

#5 [api internal] load metadata for docker.io/library/alpine:3.20
#5 DONE 0.0s

#6 [web internal] load metadata for docker.io/library/node:24-alpine
#6 DONE 0.2s

#7 [api internal] load metadata for docker.io/library/golang:1.22-alpine
#7 DONE 0.2s

#8 [web internal] load .dockerignore
#8 transferring context: 79B done
#8 DONE 0.0s

#9 [web internal] load build context
#9 transferring context: 1.49kB done
#9 DONE 0.0s

#10 [web build 1/6] FROM docker.io/library/node:24-alpine@sha256:d32cdf619f63fe0471182d08996dd516c6275bb5fd31ae06e55a570bd9e1ad43
#10 resolve docker.io/library/node:24-alpine@sha256:d32cdf619f63fe0471182d08996dd516c6275bb5fd31ae06e55a570bd9e1ad43 0.0s done
#10 DONE 0.0s

#11 [web stage-1 1/3] FROM docker.io/library/nginx:1.27-alpine@sha256:65645c7bb6a0661892a8b03b89d0743208a18dd2f3f17a54ef4b76fb8e2f2a10
#11 resolve docker.io/library/nginx:1.27-alpine@sha256:65645c7bb6a0661892a8b03b89d0743208a18dd2f3f17a54ef4b76fb8e2f2a10 0.0s done
#11 DONE 0.0s

#12 [web build 2/6] WORKDIR /app
#12 CACHED

#13 [web build 4/6] RUN npm install
#13 CACHED

#14 [web build 5/6] COPY . .
#14 CACHED

#15 [web stage-1 2/3] COPY --from=build /app/dist /usr/share/nginx/html
#15 CACHED

#16 [web build 6/6] RUN npm run build
#16 CACHED

#17 [web build 3/6] COPY package.json .
#17 CACHED

#18 [web stage-1 3/3] COPY nginx.conf /etc/nginx/conf.d/default.conf
#18 CACHED

#19 [api internal] load .dockerignore
#19 transferring context: 114B done
#19 DONE 0.0s

#20 [web] exporting to image
#20 exporting layers done
#20 exporting manifest sha256:4161faada39a360b0e91ac5de3d29a77388e9bb1b3ccca2ee7142d6a306fe30a done
#20 exporting config sha256:2f3fccd543287dc5f983def54e8f836c265ea3ca45f607cdf4346aa9603fa724 done
#20 exporting attestation manifest sha256:0dde58336fa9bbab46f28826f59c31776d4d8d0f97d04484a4a16cc8ced494c2 0.0s done
#20 exporting manifest list sha256:da1c866e88b6b829bc695e3e30d7ca1bfce39fc7ce01078f99633f3a1007edb4 0.0s done
#20 naming to docker.io/library/go-property-rental-folder-calibration-web:latest done
#20 unpacking to docker.io/library/go-property-rental-folder-calibration-web:latest 0.0s done
#20 DONE 0.1s

#21 [api build 1/7] FROM docker.io/library/golang:1.22-alpine@sha256:1699c10032ca2582ec89a24a1312d986a3f094aed3d5c1147b19880afe40e052
#21 resolve docker.io/library/golang:1.22-alpine@sha256:1699c10032ca2582ec89a24a1312d986a3f094aed3d5c1147b19880afe40e052 0.0s done
#21 DONE 0.0s

#22 [api stage-1 1/3] FROM docker.io/library/alpine:3.20@sha256:d9e853e87e55526f6b2917df91a2115c36dd7c696a35be12163d44e6e2a4b6bc
#22 resolve docker.io/library/alpine:3.20@sha256:d9e853e87e55526f6b2917df91a2115c36dd7c696a35be12163d44e6e2a4b6bc 0.0s done
#22 DONE 0.0s

#23 [api internal] load build context
#23 transferring context: 6.68kB done
#23 DONE 0.0s

#24 [api build 2/7] WORKDIR /src
#24 CACHED

#25 [api build 5/7] COPY cmd ./cmd
#25 CACHED

#26 [api stage-1 2/3] RUN adduser -D -u 10001 app
#26 CACHED

#27 [api build 4/7] RUN go mod download
#27 CACHED

#28 [api build 3/7] COPY go.mod go.sum ./
#28 CACHED

#29 [api build 6/7] COPY internal ./internal
#29 CACHED

#30 [api build 7/7] RUN CGO_ENABLED=0 go build -buildvcs=false -trimpath -o /out/api ./cmd/api
#30 CACHED

#31 [api stage-1 3/3] COPY --from=build /out/api /api
#31 CACHED

#32 [api] exporting to image
#32 exporting layers done
#32 exporting manifest sha256:896c051f51704a5ef0939c70937af944478f45bcf52c8d61c55028026a84a04a done
#32 exporting config sha256:beba746e66b9b1e7d55d33cc5a986961a588930660f015d7afda529eaf0b7937 done
#32 exporting attestation manifest sha256:284b2b2d3d3b2beb0486e1524fda365d7df1000d76ee81e47f92973b3c77bec4
#32 exporting attestation manifest sha256:284b2b2d3d3b2beb0486e1524fda365d7df1000d76ee81e47f92973b3c77bec4 0.1s done
#32 exporting manifest list sha256:f67628a0ce23d4a386c8c1735c5295e954e122d716898e5ad6a1f2263771021e 0.0s done
#32 naming to docker.io/library/go-property-rental-folder-calibration-api:latest done
#32 unpacking to docker.io/library/go-property-rental-folder-calibration-api:latest done
#32 DONE 0.2s

#33 [web] resolving provenance for metadata file
#33 DONE 0.0s

#34 [api] resolving provenance for metadata file
#34 DONE 0.0s
