#1 [internal] load local bake definitions
#1 reading from stdin 1.22kB 0.0s done
#1 DONE 0.0s

#2 [api internal] load build definition from Dockerfile
#2 transferring dockerfile: 375B done
#2 DONE 0.0s

#3 [web internal] load build definition from Dockerfile
#3 transferring dockerfile: 273B done
#3 DONE 0.0s

#4 [api internal] load metadata for docker.io/library/alpine:3.20
#4 DONE 0.0s

#5 [web internal] load metadata for docker.io/library/nginx:1.27-alpine
#5 DONE 0.0s

#6 [api internal] load metadata for docker.io/library/golang:1.22-alpine
#6 DONE 0.1s

#7 [web internal] load metadata for docker.io/library/node:24-alpine
#7 DONE 0.2s

#8 [api internal] load .dockerignore
#8 transferring context: 114B done
#8 DONE 0.0s

#9 [web internal] load .dockerignore
#9 transferring context: 79B done
#9 DONE 0.0s

#10 [web internal] load build context
#10 transferring context: 1.49kB done
#10 DONE 0.0s

#11 [api stage-1 1/3] FROM docker.io/library/alpine:3.20@sha256:d9e853e87e55526f6b2917df91a2115c36dd7c696a35be12163d44e6e2a4b6bc
#11 resolve docker.io/library/alpine:3.20@sha256:d9e853e87e55526f6b2917df91a2115c36dd7c696a35be12163d44e6e2a4b6bc 0.0s done
#11 DONE 0.0s

#12 [api build 1/7] FROM docker.io/library/golang:1.22-alpine@sha256:1699c10032ca2582ec89a24a1312d986a3f094aed3d5c1147b19880afe40e052
#12 resolve docker.io/library/golang:1.22-alpine@sha256:1699c10032ca2582ec89a24a1312d986a3f094aed3d5c1147b19880afe40e052 0.0s done
#12 DONE 0.0s

#13 [api internal] load build context
#13 transferring context: 6.68kB done
#13 DONE 0.0s

#14 [web stage-1 1/3] FROM docker.io/library/nginx:1.27-alpine@sha256:65645c7bb6a0661892a8b03b89d0743208a18dd2f3f17a54ef4b76fb8e2f2a10
#14 resolve docker.io/library/nginx:1.27-alpine@sha256:65645c7bb6a0661892a8b03b89d0743208a18dd2f3f17a54ef4b76fb8e2f2a10 0.0s done
#14 DONE 0.0s

#15 [web build 1/6] FROM docker.io/library/node:24-alpine@sha256:d32cdf619f63fe0471182d08996dd516c6275bb5fd31ae06e55a570bd9e1ad43
#15 resolve docker.io/library/node:24-alpine@sha256:d32cdf619f63fe0471182d08996dd516c6275bb5fd31ae06e55a570bd9e1ad43 0.0s done
#15 DONE 0.0s

#16 [api build 5/7] COPY cmd ./cmd
#16 CACHED

#17 [api build 2/7] WORKDIR /src
#17 CACHED

#18 [api build 6/7] COPY internal ./internal
#18 CACHED

#19 [api build 3/7] COPY go.mod go.sum ./
#19 CACHED

#20 [api build 7/7] RUN CGO_ENABLED=0 go build -buildvcs=false -trimpath -o /out/api ./cmd/api
#20 CACHED

#21 [api build 4/7] RUN go mod download
#21 CACHED

#22 [api stage-1 2/3] RUN adduser -D -u 10001 app
#22 CACHED

#23 [api stage-1 3/3] COPY --from=build /out/api /api
#23 CACHED

#24 [web build 6/6] RUN npm run build
#24 CACHED

#25 [web build 5/6] COPY . .
#25 CACHED

#26 [web build 2/6] WORKDIR /app
#26 CACHED

#27 [web build 3/6] COPY package.json .
#27 CACHED

#28 [web stage-1 2/3] COPY --from=build /app/dist /usr/share/nginx/html
#28 CACHED

#29 [web build 4/6] RUN npm install
#29 CACHED

#30 [api] exporting to image
#30 exporting layers done
#30 exporting manifest sha256:896c051f51704a5ef0939c70937af944478f45bcf52c8d61c55028026a84a04a done
#30 exporting config sha256:beba746e66b9b1e7d55d33cc5a986961a588930660f015d7afda529eaf0b7937 done
#30 exporting attestation manifest sha256:ac20d169168c63af812d6fabbca20d6de898bf19f18c3c2b0fa292ac28a3f9ab
#30 exporting attestation manifest sha256:ac20d169168c63af812d6fabbca20d6de898bf19f18c3c2b0fa292ac28a3f9ab 0.0s done
#30 exporting manifest list sha256:1c2ca9e75bfed7c82f8a8ac4126e7fba80089446518d8746d24bb6a93e493368 0.0s done
#30 naming to docker.io/library/go-property-rental-folder-calibration-api:latest done
#30 unpacking to docker.io/library/go-property-rental-folder-calibration-api:latest done
#30 DONE 0.1s

#31 [web stage-1 3/3] COPY nginx.conf /etc/nginx/conf.d/default.conf
#31 CACHED

#32 [web] exporting to image
#32 exporting layers done
#32 exporting manifest sha256:4161faada39a360b0e91ac5de3d29a77388e9bb1b3ccca2ee7142d6a306fe30a done
#32 exporting config sha256:2f3fccd543287dc5f983def54e8f836c265ea3ca45f607cdf4346aa9603fa724 done
#32 exporting attestation manifest sha256:09766912ac963176bd41164175c28f26f796a3d4a6ef631078b1a2f2cb3ff4ee 0.0s done
#32 exporting manifest list sha256:27d78a84ab28ef175532f9cb02dfdfc5c44079cf06b8d250228ed66fa4a8bbb4 0.0s done
#32 naming to docker.io/library/go-property-rental-folder-calibration-web:latest done
#32 unpacking to docker.io/library/go-property-rental-folder-calibration-web:latest 0.0s done
#32 DONE 0.2s

#33 [api] resolving provenance for metadata file
#33 DONE 0.0s

#34 [web] resolving provenance for metadata file
#34 DONE 0.0s
