#1 [internal] load local bake definitions
#1 reading from stdin 1.22kB done
#1 DONE 0.0s

#2 [api internal] load build definition from Dockerfile
#2 transferring dockerfile: 375B done
#2 DONE 0.0s

#3 [web internal] load build definition from Dockerfile
#3 transferring dockerfile: 273B done
#3 DONE 0.1s

#4 [api internal] load metadata for docker.io/library/alpine:3.20
#4 DONE 0.1s

#5 [web internal] load metadata for docker.io/library/node:24-alpine
#5 ...

#6 [web internal] load metadata for docker.io/library/nginx:1.27-alpine
#6 DONE 0.1s

#7 [api internal] load metadata for docker.io/library/golang:1.22-alpine
#7 DONE 0.3s

#5 [web internal] load metadata for docker.io/library/node:24-alpine
#5 DONE 0.3s

#8 [api internal] load .dockerignore
#8 transferring context: 114B done
#8 DONE 0.0s

#9 [api internal] load build context
#9 DONE 0.0s

#10 [web internal] load .dockerignore
#10 transferring context: 79B done
#10 DONE 0.0s

#11 [api build 1/7] FROM docker.io/library/golang:1.22-alpine@sha256:1699c10032ca2582ec89a24a1312d986a3f094aed3d5c1147b19880afe40e052
#11 resolve docker.io/library/golang:1.22-alpine@sha256:1699c10032ca2582ec89a24a1312d986a3f094aed3d5c1147b19880afe40e052
#11 ...

#12 [web internal] load build context
#12 transferring context: 1.49kB done
#12 DONE 0.1s

#11 [api build 1/7] FROM docker.io/library/golang:1.22-alpine@sha256:1699c10032ca2582ec89a24a1312d986a3f094aed3d5c1147b19880afe40e052
#11 resolve docker.io/library/golang:1.22-alpine@sha256:1699c10032ca2582ec89a24a1312d986a3f094aed3d5c1147b19880afe40e052 0.2s done
#11 DONE 0.2s

#13 [api stage-1 1/3] FROM docker.io/library/alpine:3.20@sha256:d9e853e87e55526f6b2917df91a2115c36dd7c696a35be12163d44e6e2a4b6bc
#13 resolve docker.io/library/alpine:3.20@sha256:d9e853e87e55526f6b2917df91a2115c36dd7c696a35be12163d44e6e2a4b6bc 0.2s done
#13 DONE 0.2s

#9 [api internal] load build context
#9 transferring context: 6.68kB done
#9 DONE 0.0s

#14 [web stage-1 1/3] FROM docker.io/library/nginx:1.27-alpine@sha256:65645c7bb6a0661892a8b03b89d0743208a18dd2f3f17a54ef4b76fb8e2f2a10
#14 resolve docker.io/library/nginx:1.27-alpine@sha256:65645c7bb6a0661892a8b03b89d0743208a18dd2f3f17a54ef4b76fb8e2f2a10 0.2s done
#14 DONE 0.2s

#15 [web build 1/6] FROM docker.io/library/node:24-alpine@sha256:d32cdf619f63fe0471182d08996dd516c6275bb5fd31ae06e55a570bd9e1ad43
#15 resolve docker.io/library/node:24-alpine@sha256:d32cdf619f63fe0471182d08996dd516c6275bb5fd31ae06e55a570bd9e1ad43 0.2s done
#15 DONE 0.2s

#16 [api build 2/7] WORKDIR /src
#16 CACHED

#17 [api build 6/7] COPY internal ./internal
#17 CACHED

#18 [api stage-1 2/3] RUN adduser -D -u 10001 app
#18 CACHED

#19 [api build 4/7] RUN go mod download
#19 CACHED

#20 [api build 7/7] RUN CGO_ENABLED=0 go build -buildvcs=false -trimpath -o /out/api ./cmd/api
#20 CACHED

#21 [api build 5/7] COPY cmd ./cmd
#21 CACHED

#22 [api build 3/7] COPY go.mod go.sum ./
#22 CACHED

#23 [api stage-1 3/3] COPY --from=build /out/api /api
#23 CACHED

#24 [web build 5/6] COPY . .
#24 CACHED

#25 [web build 6/6] RUN npm run build
#25 CACHED

#26 [web build 3/6] COPY package.json .
#26 CACHED

#27 [web build 4/6] RUN npm install
#27 CACHED

#28 [web build 2/6] WORKDIR /app
#28 CACHED

#29 [web stage-1 2/3] COPY --from=build /app/dist /usr/share/nginx/html
#29 CACHED

#30 [web stage-1 3/3] COPY nginx.conf /etc/nginx/conf.d/default.conf
#30 CACHED

#31 [web] exporting to image
#31 exporting layers done
#31 exporting manifest sha256:4161faada39a360b0e91ac5de3d29a77388e9bb1b3ccca2ee7142d6a306fe30a 0.0s done
#31 exporting config sha256:2f3fccd543287dc5f983def54e8f836c265ea3ca45f607cdf4346aa9603fa724 done
#31 exporting attestation manifest sha256:1a07e1ae3767577898fae5971d0e68ac776352bcec6c87c0481bd2fe0e3fbd7c
#31 exporting attestation manifest sha256:1a07e1ae3767577898fae5971d0e68ac776352bcec6c87c0481bd2fe0e3fbd7c 0.2s done
#31 exporting manifest list sha256:33946bf748979844da8910ab9c84c15c8bc5e30df54cb678be943d3414b235cd
#31 exporting manifest list sha256:33946bf748979844da8910ab9c84c15c8bc5e30df54cb678be943d3414b235cd 0.1s done
#31 naming to docker.io/library/go-property-rental-folder-calibration-web:latest done
#31 unpacking to docker.io/library/go-property-rental-folder-calibration-web:latest 0.0s done
#31 DONE 0.5s

#32 [api] exporting to image
#32 exporting layers done
#32 exporting manifest sha256:896c051f51704a5ef0939c70937af944478f45bcf52c8d61c55028026a84a04a done
#32 exporting config sha256:beba746e66b9b1e7d55d33cc5a986961a588930660f015d7afda529eaf0b7937 0.0s done
#32 exporting attestation manifest sha256:5446166f14a5285563cfb0c74bf81cf8c9a532ae965390c9579a7bd63b6f807e 0.2s done
#32 exporting manifest list sha256:55a1b7b4af7b0cb5a1f13e327c8d50ab89c8e3dda3163c6c10429d5a578f5a47 0.1s done
#32 naming to docker.io/library/go-property-rental-folder-calibration-api:latest 0.0s done
#32 unpacking to docker.io/library/go-property-rental-folder-calibration-api:latest 0.0s done
#32 DONE 0.4s

#33 [api] resolving provenance for metadata file
#33 DONE 0.0s

#34 [web] resolving provenance for metadata file
#34 DONE 0.0s
