#1 [internal] load local bake definitions
#1 reading from stdin 1.15kB 0.0s done
#1 DONE 0.0s

#2 [web internal] load build definition from Dockerfile
#2 transferring dockerfile: 273B 0.0s done
#2 DONE 0.0s

#3 [api internal] load build definition from Dockerfile
#3 transferring dockerfile: 375B 0.0s done
#3 DONE 0.0s

#4 [web internal] load metadata for docker.io/library/nginx:1.27-alpine
#4 DONE 0.1s

#5 [api internal] load metadata for docker.io/library/alpine:3.20
#5 DONE 0.1s

#6 [api internal] load metadata for docker.io/library/golang:1.22-alpine
#6 DONE 0.3s

#7 [web internal] load metadata for docker.io/library/node:24-alpine
#7 ...

#8 [api internal] load .dockerignore
#8 transferring context: 114B done
#8 DONE 0.0s

#9 [api build 1/7] FROM docker.io/library/golang:1.22-alpine@sha256:1699c10032ca2582ec89a24a1312d986a3f094aed3d5c1147b19880afe40e052
#9 resolve docker.io/library/golang:1.22-alpine@sha256:1699c10032ca2582ec89a24a1312d986a3f094aed3d5c1147b19880afe40e052 0.0s done
#9 DONE 0.0s

#10 [api stage-1 1/3] FROM docker.io/library/alpine:3.20@sha256:d9e853e87e55526f6b2917df91a2115c36dd7c696a35be12163d44e6e2a4b6bc
#10 resolve docker.io/library/alpine:3.20@sha256:d9e853e87e55526f6b2917df91a2115c36dd7c696a35be12163d44e6e2a4b6bc 0.0s done
#10 DONE 0.0s

#7 [web internal] load metadata for docker.io/library/node:24-alpine
#7 DONE 0.4s

#11 [api internal] load build context
#11 transferring context: 24.73kB 0.0s done
#11 DONE 0.0s

#12 [api build 3/7] COPY go.mod go.sum ./
#12 CACHED

#13 [api build 2/7] WORKDIR /src
#13 CACHED

#14 [api build 4/7] RUN go mod download
#14 CACHED

#15 [api build 5/7] COPY cmd ./cmd
#15 CACHED

#16 [web internal] load .dockerignore
#16 transferring context: 79B done
#16 DONE 0.0s

#17 [web internal] load build context
#17 transferring context: 1.49kB done
#17 DONE 0.0s

#18 [web build 1/6] FROM docker.io/library/node:24-alpine@sha256:d32cdf619f63fe0471182d08996dd516c6275bb5fd31ae06e55a570bd9e1ad43
#18 resolve docker.io/library/node:24-alpine@sha256:d32cdf619f63fe0471182d08996dd516c6275bb5fd31ae06e55a570bd9e1ad43 0.0s done
#18 DONE 0.0s

#19 [web stage-1 1/3] FROM docker.io/library/nginx:1.27-alpine@sha256:65645c7bb6a0661892a8b03b89d0743208a18dd2f3f17a54ef4b76fb8e2f2a10
#19 resolve docker.io/library/nginx:1.27-alpine@sha256:65645c7bb6a0661892a8b03b89d0743208a18dd2f3f17a54ef4b76fb8e2f2a10 0.0s done
#19 DONE 0.0s

#20 [web build 6/6] RUN npm run build
#20 CACHED

#21 [web build 5/6] COPY . .
#21 CACHED

#22 [web build 3/6] COPY package.json .
#22 CACHED

#23 [web build 2/6] WORKDIR /app
#23 CACHED

#24 [web build 4/6] RUN npm install
#24 CACHED

#25 [web stage-1 2/3] COPY --from=build /app/dist /usr/share/nginx/html
#25 CACHED

#26 [web stage-1 3/3] COPY nginx.conf /etc/nginx/conf.d/default.conf
#26 CACHED

#27 [api build 6/7] COPY internal ./internal
#27 DONE 0.1s

#28 [web] exporting to image
#28 exporting layers 0.0s done
#28 exporting manifest sha256:e53b73568ee8aefdf214c82df547432f365268ca42dd5b856e5d2a80e71285ff done
#28 exporting config sha256:73db321c5384147f98f2958207109e65c2829b7d661c12f5d2d55c3cad4d9d41 done
#28 exporting attestation manifest sha256:cc379a673556385e4f51e491705e18d0b18ce98ae548f09a66fc9e3e0575316d 0.0s done
#28 exporting manifest list sha256:a2fdaea027f82f81b14952b6bda722a0f1ef548a38994425d2172318c48cd047
#28 exporting manifest list sha256:a2fdaea027f82f81b14952b6bda722a0f1ef548a38994425d2172318c48cd047 0.0s done
#28 naming to docker.io/library/go-property-rental-formal-gold-web:latest done
#28 unpacking to docker.io/library/go-property-rental-formal-gold-web:latest 0.0s done
#28 DONE 0.2s

#29 [api build 7/7] RUN CGO_ENABLED=0 go build -buildvcs=false -trimpath -o /out/api ./cmd/api
#29 ...

#30 [web] resolving provenance for metadata file
#30 DONE 0.0s

#29 [api build 7/7] RUN CGO_ENABLED=0 go build -buildvcs=false -trimpath -o /out/api ./cmd/api
#29 DONE 15.4s

#31 [api stage-1 2/3] RUN adduser -D -u 10001 app
#31 CACHED

#32 [api stage-1 3/3] COPY --from=build /out/api /api
#32 DONE 0.1s

#33 [api] exporting to image
#33 exporting layers
#33 exporting layers 0.7s done
#33 exporting manifest sha256:63a7eec8da3d4b96efc65d53b6b53e1a47ecf9995c93dee4dcc8825364ab8651 0.0s done
#33 exporting config sha256:67d459c3b958a828fbea0a276bd40596210a7f7c494fe839127d93ab857faf8a 0.0s done
#33 exporting attestation manifest sha256:e536189beb0313800388187f92e640d9784be676f38d16497f8d936e2f9be2b3 0.0s done
#33 exporting manifest list sha256:e6195b7bd0ee9d0a15895210c114e5c34c1aa3982d5e17a174983e496acc6c8a 0.0s done
#33 naming to docker.io/library/go-property-rental-formal-gold-api:latest done
#33 unpacking to docker.io/library/go-property-rental-formal-gold-api:latest 0.1s done
#33 DONE 0.9s

#34 [api] resolving provenance for metadata file
#34 DONE 0.0s
