#1 [internal] load local bake definitions
#1 reading from stdin 1.15kB done
#1 DONE 0.0s

#2 [web internal] load build definition from Dockerfile
#2 transferring dockerfile: 273B done
#2 DONE 0.0s

#3 [api internal] load build definition from Dockerfile
#3 transferring dockerfile: 375B done
#3 DONE 0.0s

#4 [web internal] load metadata for docker.io/library/nginx:1.27-alpine
#4 DONE 0.0s

#5 [api internal] load metadata for docker.io/library/alpine:3.20
#5 DONE 0.1s

#6 [api internal] load metadata for docker.io/library/golang:1.22-alpine
#6 DONE 0.3s

#7 [web internal] load metadata for docker.io/library/node:24-alpine
#7 DONE 0.3s

#8 [api internal] load .dockerignore
#8 transferring context: 114B done
#8 DONE 0.0s

#9 [web internal] load .dockerignore
#9 transferring context: 79B done
#9 DONE 0.0s

#10 [web internal] load build context
#10 transferring context: 1.49kB 0.0s done
#10 DONE 0.0s

#11 [api stage-1 1/3] FROM docker.io/library/alpine:3.20@sha256:d9e853e87e55526f6b2917df91a2115c36dd7c696a35be12163d44e6e2a4b6bc
#11 resolve docker.io/library/alpine:3.20@sha256:d9e853e87e55526f6b2917df91a2115c36dd7c696a35be12163d44e6e2a4b6bc 0.0s done
#11 DONE 0.0s

#12 [api build 1/7] FROM docker.io/library/golang:1.22-alpine@sha256:1699c10032ca2582ec89a24a1312d986a3f094aed3d5c1147b19880afe40e052
#12 resolve docker.io/library/golang:1.22-alpine@sha256:1699c10032ca2582ec89a24a1312d986a3f094aed3d5c1147b19880afe40e052 0.1s done
#12 DONE 0.1s

#13 [api internal] load build context
#13 transferring context: 18.62kB 0.0s done
#13 DONE 0.0s

#14 [web build 1/6] FROM docker.io/library/node:24-alpine@sha256:d32cdf619f63fe0471182d08996dd516c6275bb5fd31ae06e55a570bd9e1ad43
#14 resolve docker.io/library/node:24-alpine@sha256:d32cdf619f63fe0471182d08996dd516c6275bb5fd31ae06e55a570bd9e1ad43
#14 ...

#15 [api build 2/7] WORKDIR /src
#15 CACHED

#16 [api build 4/7] RUN go mod download
#16 CACHED

#17 [api build 3/7] COPY go.mod go.sum ./
#17 CACHED

#18 [api build 5/7] COPY cmd ./cmd
#18 CACHED

#19 [web stage-1 1/3] FROM docker.io/library/nginx:1.27-alpine@sha256:65645c7bb6a0661892a8b03b89d0743208a18dd2f3f17a54ef4b76fb8e2f2a10
#19 resolve docker.io/library/nginx:1.27-alpine@sha256:65645c7bb6a0661892a8b03b89d0743208a18dd2f3f17a54ef4b76fb8e2f2a10 0.2s done
#19 DONE 0.2s

#14 [web build 1/6] FROM docker.io/library/node:24-alpine@sha256:d32cdf619f63fe0471182d08996dd516c6275bb5fd31ae06e55a570bd9e1ad43
#14 resolve docker.io/library/node:24-alpine@sha256:d32cdf619f63fe0471182d08996dd516c6275bb5fd31ae06e55a570bd9e1ad43 0.2s done
#14 DONE 0.2s

#20 [web build 6/6] RUN npm run build
#20 CACHED

#21 [web stage-1 2/3] COPY --from=build /app/dist /usr/share/nginx/html
#21 CACHED

#22 [web build 2/6] WORKDIR /app
#22 CACHED

#23 [web build 4/6] RUN npm install
#23 CACHED

#24 [web build 5/6] COPY . .
#24 CACHED

#25 [web build 3/6] COPY package.json .
#25 CACHED

#26 [web stage-1 3/3] COPY nginx.conf /etc/nginx/conf.d/default.conf
#26 CACHED

#27 [api build 6/7] COPY internal ./internal
#27 DONE 0.2s

#28 [web] exporting to image
#28 exporting layers 0.0s done
#28 exporting manifest sha256:e53b73568ee8aefdf214c82df547432f365268ca42dd5b856e5d2a80e71285ff done
#28 exporting config sha256:73db321c5384147f98f2958207109e65c2829b7d661c12f5d2d55c3cad4d9d41 done
#28 exporting attestation manifest sha256:20b74cefd4c96a52552d76001f786febf4f24263a2c1cb6bf730f2dbf069e960 0.0s done
#28 exporting manifest list sha256:9075d451c5988383bcde76b10e842957fe440b79d132438feef7314ab2e0d51d
#28 exporting manifest list sha256:9075d451c5988383bcde76b10e842957fe440b79d132438feef7314ab2e0d51d 0.0s done
#28 naming to docker.io/library/go-property-rental-formal-gold-web:latest done
#28 unpacking to docker.io/library/go-property-rental-formal-gold-web:latest 0.0s done
#28 DONE 0.2s

#29 [api build 7/7] RUN CGO_ENABLED=0 go build -buildvcs=false -trimpath -o /out/api ./cmd/api
#29 ...

#30 [web] resolving provenance for metadata file
#30 DONE 0.0s

#29 [api build 7/7] RUN CGO_ENABLED=0 go build -buildvcs=false -trimpath -o /out/api ./cmd/api
#29 DONE 11.4s

#31 [api stage-1 2/3] RUN adduser -D -u 10001 app
#31 CACHED

#32 [api stage-1 3/3] COPY --from=build /out/api /api
#32 DONE 0.0s

#33 [api] exporting to image
#33 exporting layers
#33 exporting layers 0.4s done
#33 exporting manifest sha256:0101baa2e25845031840870cda5b5736043d818076c0601a39ed1b734217fa81 0.0s done
#33 exporting config sha256:642136ffaa43aeb5db00f97d6ff4cefb9456e93729ce2de62594b3ebc193b40d 0.0s done
#33 exporting attestation manifest sha256:6dbc2d64c6c9e4e6c2c112dea76de069a1c67a04a894048c1c37707b5357447f 0.0s done
#33 exporting manifest list sha256:67f4b83d29ddb74e93675c375d271b09628056c6d24bee212f823aecd348eb93 0.0s done
#33 naming to docker.io/library/go-property-rental-formal-gold-api:latest done
#33 unpacking to docker.io/library/go-property-rental-formal-gold-api:latest 0.1s done
#33 DONE 0.5s

#34 [api] resolving provenance for metadata file
#34 DONE 0.0s
