#1 [internal] load local bake definitions
#1 reading from stdin 1.15kB done
#1 DONE 0.0s

#2 [web internal] load build definition from Dockerfile
#2 transferring dockerfile: 273B done
#2 DONE 0.0s

#3 [api internal] load build definition from Dockerfile
#3 transferring dockerfile: 375B done
#3 DONE 0.0s

#4 [web internal] load metadata for docker.io/library/nginx:1.27-alpine
#4 DONE 0.0s

#5 [api internal] load metadata for docker.io/library/alpine:3.20
#5 DONE 0.0s

#6 [api internal] load metadata for docker.io/library/golang:1.22-alpine
#6 ...

#7 [web internal] load metadata for docker.io/library/node:24-alpine
#7 DONE 0.2s

#8 [web internal] load .dockerignore
#8 transferring context: 79B done
#8 DONE 0.0s

#9 [web internal] load build context
#9 transferring context: 1.49kB done
#9 DONE 0.0s

#6 [api internal] load metadata for docker.io/library/golang:1.22-alpine
#6 DONE 0.3s

#10 [web build 1/6] FROM docker.io/library/node:24-alpine@sha256:d32cdf619f63fe0471182d08996dd516c6275bb5fd31ae06e55a570bd9e1ad43
#10 resolve docker.io/library/node:24-alpine@sha256:d32cdf619f63fe0471182d08996dd516c6275bb5fd31ae06e55a570bd9e1ad43 0.0s done
#10 DONE 0.0s

#11 [api internal] load .dockerignore
#11 transferring context: 114B done
#11 DONE 0.0s

#12 [web stage-1 1/3] FROM docker.io/library/nginx:1.27-alpine@sha256:65645c7bb6a0661892a8b03b89d0743208a18dd2f3f17a54ef4b76fb8e2f2a10
#12 resolve docker.io/library/nginx:1.27-alpine@sha256:65645c7bb6a0661892a8b03b89d0743208a18dd2f3f17a54ef4b76fb8e2f2a10 0.0s done
#12 DONE 0.0s

#13 [web build 4/6] RUN npm install
#13 CACHED

#14 [web build 6/6] RUN npm run build
#14 CACHED

#15 [web build 3/6] COPY package.json .
#15 CACHED

#16 [web stage-1 2/3] COPY --from=build /app/dist /usr/share/nginx/html
#16 CACHED

#17 [web build 2/6] WORKDIR /app
#17 CACHED

#18 [web build 5/6] COPY . .
#18 CACHED

#19 [api internal] load build context
#19 DONE 0.0s

#20 [web stage-1 3/3] COPY nginx.conf /etc/nginx/conf.d/default.conf
#20 CACHED

#21 [api stage-1 1/3] FROM docker.io/library/alpine:3.20@sha256:d9e853e87e55526f6b2917df91a2115c36dd7c696a35be12163d44e6e2a4b6bc
#21 resolve docker.io/library/alpine:3.20@sha256:d9e853e87e55526f6b2917df91a2115c36dd7c696a35be12163d44e6e2a4b6bc 0.0s done
#21 DONE 0.0s

#22 [web] exporting to image
#22 exporting layers done
#22 exporting manifest sha256:9cb090184dbd72385ecf39038884f205074fc3802d44f6d9c474a521b0c65317 done
#22 exporting config sha256:e9aa18fb9a474edfe054791c3887aa5ad86d529905abb3dc01eb1826c3051079 done
#22 exporting attestation manifest sha256:1ea979c0079f589fff6d97686dfb5f00b41f280f2754673fd73f3a2a42740356 0.0s done
#22 exporting manifest list sha256:b988916a51aac22928a676ef9f72f4d6969b5a8fd853da13a700eadf8d9953e0 0.0s done
#22 naming to docker.io/library/go-property-rental-formal-gold-web:latest done
#22 unpacking to docker.io/library/go-property-rental-formal-gold-web:latest 0.0s done
#22 DONE 0.1s

#23 [api build 1/7] FROM docker.io/library/golang:1.22-alpine@sha256:1699c10032ca2582ec89a24a1312d986a3f094aed3d5c1147b19880afe40e052
#23 resolve docker.io/library/golang:1.22-alpine@sha256:1699c10032ca2582ec89a24a1312d986a3f094aed3d5c1147b19880afe40e052 0.0s done
#23 DONE 0.0s

#19 [api internal] load build context
#19 transferring context: 32.72kB 0.0s done
#19 DONE 0.0s

#24 [api build 4/7] RUN go mod download
#24 CACHED

#25 [api build 2/7] WORKDIR /src
#25 CACHED

#26 [api build 3/7] COPY go.mod go.sum ./
#26 CACHED

#27 [api build 5/7] COPY cmd ./cmd
#27 CACHED

#28 [api build 6/7] COPY internal ./internal
#28 DONE 0.1s

#29 [api build 7/7] RUN CGO_ENABLED=0 go build -buildvcs=false -trimpath -o /out/api ./cmd/api
#29 ...

#30 [web] resolving provenance for metadata file
#30 DONE 0.0s

#29 [api build 7/7] RUN CGO_ENABLED=0 go build -buildvcs=false -trimpath -o /out/api ./cmd/api
#29 DONE 8.7s

#31 [api stage-1 2/3] RUN adduser -D -u 10001 app
#31 CACHED

#32 [api stage-1 3/3] COPY --from=build /out/api /api
#32 DONE 0.0s

#33 [api] exporting to image
#33 exporting layers
#33 exporting layers 0.4s done
#33 exporting manifest sha256:e2f795819635c7aedb0862acdd28045747dcdf2d2d207f428c6a4ee0d68a4e94 done
#33 exporting config sha256:b47c966995127cb386a8a95ebc118c57d72791024b8b24a17f66b179bf74bf4d done
#33 exporting attestation manifest sha256:35d7d0f1ca6448ff3effdc23793ea7b8d15c2172a6ecb8b3886200f17007e0ec 0.0s done
#33 exporting manifest list sha256:582393062f828a5bd0e4eb4eef075a28c0fc875c4a62be045e6f9c71dca547dd done
#33 naming to docker.io/library/go-property-rental-formal-gold-api:latest done
#33 unpacking to docker.io/library/go-property-rental-formal-gold-api:latest 0.0s done
#33 DONE 0.5s

#34 [api] resolving provenance for metadata file
#34 DONE 0.0s
