#1 [internal] load local bake definitions
#1 reading from stdin 1.15kB done
#1 DONE 0.0s

#2 [web internal] load build definition from Dockerfile
#2 transferring dockerfile: 273B done
#2 DONE 0.0s

#3 [api internal] load build definition from Dockerfile
#3 transferring dockerfile: 375B done
#3 DONE 0.0s

#4 [web internal] load metadata for docker.io/library/nginx:1.27-alpine
#4 DONE 0.0s

#5 [api internal] load metadata for docker.io/library/alpine:3.20
#5 DONE 0.1s

#6 [api internal] load metadata for docker.io/library/golang:1.22-alpine
#6 ...

#7 [web internal] load metadata for docker.io/library/node:24-alpine
#7 DONE 0.2s

#8 [web internal] load .dockerignore
#8 transferring context: 79B done
#8 DONE 0.0s

#6 [api internal] load metadata for docker.io/library/golang:1.22-alpine
#6 DONE 0.3s

#9 [api internal] load .dockerignore
#9 transferring context: 114B done
#9 DONE 0.0s

#10 [web internal] load build context
#10 transferring context: 1.49kB done
#10 DONE 0.0s

#11 [web stage-1 1/3] FROM docker.io/library/nginx:1.27-alpine@sha256:65645c7bb6a0661892a8b03b89d0743208a18dd2f3f17a54ef4b76fb8e2f2a10
#11 resolve docker.io/library/nginx:1.27-alpine@sha256:65645c7bb6a0661892a8b03b89d0743208a18dd2f3f17a54ef4b76fb8e2f2a10 0.0s done
#11 DONE 0.0s

#12 [web build 1/6] FROM docker.io/library/node:24-alpine@sha256:d32cdf619f63fe0471182d08996dd516c6275bb5fd31ae06e55a570bd9e1ad43
#12 resolve docker.io/library/node:24-alpine@sha256:d32cdf619f63fe0471182d08996dd516c6275bb5fd31ae06e55a570bd9e1ad43 0.0s done
#12 DONE 0.0s

#13 [api build 1/7] FROM docker.io/library/golang:1.22-alpine@sha256:1699c10032ca2582ec89a24a1312d986a3f094aed3d5c1147b19880afe40e052
#13 resolve docker.io/library/golang:1.22-alpine@sha256:1699c10032ca2582ec89a24a1312d986a3f094aed3d5c1147b19880afe40e052 0.0s done
#13 DONE 0.0s

#14 [web build 3/6] COPY package.json .
#14 CACHED

#15 [web build 6/6] RUN npm run build
#15 CACHED

#16 [web build 2/6] WORKDIR /app
#16 CACHED

#17 [web build 5/6] COPY . .
#17 CACHED

#18 [web build 4/6] RUN npm install
#18 CACHED

#19 [web stage-1 2/3] COPY --from=build /app/dist /usr/share/nginx/html
#19 CACHED

#20 [api stage-1 1/3] FROM docker.io/library/alpine:3.20@sha256:d9e853e87e55526f6b2917df91a2115c36dd7c696a35be12163d44e6e2a4b6bc
#20 resolve docker.io/library/alpine:3.20@sha256:d9e853e87e55526f6b2917df91a2115c36dd7c696a35be12163d44e6e2a4b6bc 0.0s done
#20 DONE 0.0s

#21 [web stage-1 3/3] COPY nginx.conf /etc/nginx/conf.d/default.conf
#21 CACHED

#22 [api internal] load build context
#22 transferring context: 20.25kB 0.0s done
#22 DONE 0.0s

#23 [web] exporting to image
#23 exporting layers 0.0s done
#23 exporting manifest sha256:9cb090184dbd72385ecf39038884f205074fc3802d44f6d9c474a521b0c65317 done
#23 exporting config sha256:e9aa18fb9a474edfe054791c3887aa5ad86d529905abb3dc01eb1826c3051079 done
#23 exporting attestation manifest sha256:10a75df062564fb9de406a085432403064c069b34bbf6c2cb60317da725c3596 0.0s done
#23 exporting manifest list sha256:0b0691d7bed739ddc458b66af9c212a130c8ccced2cc1b956dd4ff2defd19261 0.0s done
#23 naming to docker.io/library/go-property-rental-formal-gold-web:latest done
#23 unpacking to docker.io/library/go-property-rental-formal-gold-web:latest 0.0s done
#23 DONE 0.1s

#24 [api build 2/7] WORKDIR /src
#24 CACHED

#25 [api build 3/7] COPY go.mod go.sum ./
#25 CACHED

#26 [api build 4/7] RUN go mod download
#26 CACHED

#27 [api build 5/7] COPY cmd ./cmd
#27 CACHED

#28 [api build 6/7] COPY internal ./internal
#28 DONE 0.1s

#29 [web] resolving provenance for metadata file
#29 DONE 0.0s

#30 [api build 7/7] RUN CGO_ENABLED=0 go build -buildvcs=false -trimpath -o /out/api ./cmd/api
#30 DONE 8.9s

#31 [api stage-1 2/3] RUN adduser -D -u 10001 app
#31 CACHED

#32 [api stage-1 3/3] COPY --from=build /out/api /api
#32 DONE 0.1s

#33 [api] exporting to image
#33 exporting layers
#33 exporting layers 0.4s done
#33 exporting manifest sha256:70343b67d4bb9ec2ab249d2096f90c3cddaa01e8789c9bea33444997400a40f4 done
#33 exporting config sha256:c8e7959edccbf3be04ed7ce1bd41d980d0c0745be9cf3e798e495c6f60fb7bec done
#33 exporting attestation manifest sha256:bdeb3ce159dc61fb269c26972bcfd3341c92830436a9ad8f0c52c385d36bc277 0.0s done
#33 exporting manifest list sha256:585a467ca948427440fa21371ab9c971aaaa0ee268ade5cb352bb7ef5447e477 done
#33 naming to docker.io/library/go-property-rental-formal-gold-api:latest done
#33 unpacking to docker.io/library/go-property-rental-formal-gold-api:latest 0.0s done
#33 DONE 0.5s

#34 [api] resolving provenance for metadata file
#34 DONE 0.0s
