#1 [internal] load local bake definitions
#1 reading from stdin 1.15kB done
#1 DONE 0.0s

#2 [api internal] load build definition from Dockerfile
#2 transferring dockerfile: 375B done
#2 DONE 0.0s

#3 [web internal] load build definition from Dockerfile
#3 transferring dockerfile: 273B done
#3 DONE 0.0s

#4 [api internal] load metadata for docker.io/library/alpine:3.20
#4 DONE 0.0s

#5 [web internal] load metadata for docker.io/library/nginx:1.27-alpine
#5 DONE 0.0s

#6 [web internal] load metadata for docker.io/library/node:24-alpine
#6 DONE 0.3s

#7 [api internal] load metadata for docker.io/library/golang:1.22-alpine
#7 DONE 0.3s

#8 [web internal] load .dockerignore
#8 transferring context: 79B done
#8 DONE 0.0s

#9 [api internal] load .dockerignore
#9 transferring context: 114B done
#9 DONE 0.0s

#10 [web internal] load build context
#10 transferring context: 1.49kB done
#10 DONE 0.0s

#11 [web stage-1 1/3] FROM docker.io/library/nginx:1.27-alpine@sha256:65645c7bb6a0661892a8b03b89d0743208a18dd2f3f17a54ef4b76fb8e2f2a10
#11 resolve docker.io/library/nginx:1.27-alpine@sha256:65645c7bb6a0661892a8b03b89d0743208a18dd2f3f17a54ef4b76fb8e2f2a10 0.0s done
#11 DONE 0.0s

#12 [api build 1/7] FROM docker.io/library/golang:1.22-alpine@sha256:1699c10032ca2582ec89a24a1312d986a3f094aed3d5c1147b19880afe40e052
#12 resolve docker.io/library/golang:1.22-alpine@sha256:1699c10032ca2582ec89a24a1312d986a3f094aed3d5c1147b19880afe40e052 0.0s done
#12 DONE 0.0s

#13 [web build 1/6] FROM docker.io/library/node:24-alpine@sha256:d32cdf619f63fe0471182d08996dd516c6275bb5fd31ae06e55a570bd9e1ad43
#13 resolve docker.io/library/node:24-alpine@sha256:d32cdf619f63fe0471182d08996dd516c6275bb5fd31ae06e55a570bd9e1ad43 0.0s done
#13 DONE 0.0s

#14 [api stage-1 1/3] FROM docker.io/library/alpine:3.20@sha256:d9e853e87e55526f6b2917df91a2115c36dd7c696a35be12163d44e6e2a4b6bc
#14 resolve docker.io/library/alpine:3.20@sha256:d9e853e87e55526f6b2917df91a2115c36dd7c696a35be12163d44e6e2a4b6bc 0.0s done
#14 DONE 0.0s

#15 [web build 5/6] COPY . .
#15 CACHED

#16 [web build 6/6] RUN npm run build
#16 CACHED

#17 [web build 2/6] WORKDIR /app
#17 CACHED

#18 [web build 4/6] RUN npm install
#18 CACHED

#19 [web stage-1 2/3] COPY --from=build /app/dist /usr/share/nginx/html
#19 CACHED

#20 [web build 3/6] COPY package.json .
#20 CACHED

#21 [web stage-1 3/3] COPY nginx.conf /etc/nginx/conf.d/default.conf
#21 CACHED

#22 [api internal] load build context
#22 transferring context: 24.30kB 0.0s done
#22 DONE 0.0s

#23 [api build 4/7] RUN go mod download
#23 CACHED

#24 [api build 3/7] COPY go.mod go.sum ./
#24 CACHED

#25 [api build 2/7] WORKDIR /src
#25 CACHED

#26 [api build 5/7] COPY cmd ./cmd
#26 CACHED

#27 [api build 6/7] COPY internal ./internal
#27 DONE 0.1s

#28 [web] exporting to image
#28 exporting layers done
#28 exporting manifest sha256:9cb090184dbd72385ecf39038884f205074fc3802d44f6d9c474a521b0c65317 done
#28 exporting config sha256:e9aa18fb9a474edfe054791c3887aa5ad86d529905abb3dc01eb1826c3051079 done
#28 exporting attestation manifest sha256:41e6579b424f357ed0932e73c7734b94f9abdd863e7eff0d1e22b251c10d3ee6 0.0s done
#28 exporting manifest list sha256:fb02f8ca0b80c9df9c27aeea5f7e999dc6777c64aa8f78d44d52638a5284036c 0.0s done
#28 naming to docker.io/library/go-property-rental-formal-gold-web:latest done
#28 unpacking to docker.io/library/go-property-rental-formal-gold-web:latest 0.0s done
#28 DONE 0.1s

#29 [api build 7/7] RUN CGO_ENABLED=0 go build -buildvcs=false -trimpath -o /out/api ./cmd/api
#29 ...

#30 [web] resolving provenance for metadata file
#30 DONE 0.0s

#29 [api build 7/7] RUN CGO_ENABLED=0 go build -buildvcs=false -trimpath -o /out/api ./cmd/api
#29 DONE 11.0s

#31 [api stage-1 2/3] RUN adduser -D -u 10001 app
#31 CACHED

#32 [api stage-1 3/3] COPY --from=build /out/api /api
#32 DONE 0.0s

#33 [api] exporting to image
#33 exporting layers
#33 exporting layers 0.4s done
#33 exporting manifest sha256:805d273202d7a963cb008201df7f3062956d8b136a27b8ecad28983896f841f8 0.0s done
#33 exporting config sha256:160fe13851d9232e1866b3f7440ab8b3c64b0df1fd5f5513bde66b0005dc22bc 0.0s done
#33 exporting attestation manifest sha256:35db3fb5cab31edff3aca6bb75476a024b1ca3a2d56c4dce48773404e793f5d1 0.0s done
#33 exporting manifest list sha256:dd403eb58103aa979d7172b1378b40f2cd0ae9378a49fe34869f77a84a645b8f 0.0s done
#33 naming to docker.io/library/go-property-rental-formal-gold-api:latest done
#33 unpacking to docker.io/library/go-property-rental-formal-gold-api:latest 0.0s done
#33 DONE 0.5s

#34 [api] resolving provenance for metadata file
#34 DONE 0.0s
