 go-property-rental-formal-gold-api  Built
 go-property-rental-formal-gold-web  Built
 Network go-property-rental-formal-gold_default  Creating
 Network go-property-rental-formal-gold_default  Created
 Volume go-property-rental-formal-gold_mysql_data  Creating
 Volume go-property-rental-formal-gold_mysql_data  Created
 Volume go-property-rental-formal-gold_redis_data  Creating
 Volume go-property-rental-formal-gold_redis_data  Created
 Container go-property-rental-formal-gold-redis-1  Creating
 Container go-property-rental-formal-gold-mysql-1  Creating
 Container go-property-rental-formal-gold-redis-1  Created
 Container go-property-rental-formal-gold-mysql-1  Created
 Container go-property-rental-formal-gold-api-1  Creating
 Container go-property-rental-formal-gold-api-1  Created
 Container go-property-rental-formal-gold-web-1  Creating
 Container go-property-rental-formal-gold-web-1  Created
 Container go-property-rental-formal-gold-mysql-1  Starting
 Container go-property-rental-formal-gold-redis-1  Starting
 Container go-property-rental-formal-gold-mysql-1  Started
 Container go-property-rental-formal-gold-redis-1  Started
 Container go-property-rental-formal-gold-mysql-1  Waiting
 Container go-property-rental-formal-gold-redis-1  Waiting
 Container go-property-rental-formal-gold-redis-1  Healthy
 Container go-property-rental-formal-gold-mysql-1  Healthy
 Container go-property-rental-formal-gold-api-1  Starting
 Container go-property-rental-formal-gold-api-1  Started
 Container go-property-rental-formal-gold-api-1  Waiting
 Container go-property-rental-formal-gold-api-1  Healthy
 Container go-property-rental-formal-gold-web-1  Starting
 Container go-property-rental-formal-gold-web-1  Started
