#1 [internal] load local bake definitions
#1 reading from stdin 1.15kB done
#1 DONE 0.0s

#2 [web internal] load build definition from Dockerfile
#2 transferring dockerfile: 273B done
#2 DONE 0.0s

#3 [api internal] load build definition from Dockerfile
#3 transferring dockerfile: 375B done
#3 DONE 0.0s

#4 [web internal] load metadata for docker.io/library/nginx:1.27-alpine
#4 DONE 0.0s

#5 [api internal] load metadata for docker.io/library/alpine:3.20
#5 DONE 0.0s

#6 [api internal] load metadata for docker.io/library/golang:1.22-alpine
#6 DONE 0.1s

#7 [web internal] load metadata for docker.io/library/node:24-alpine
#7 DONE 0.2s

#8 [api internal] load .dockerignore
#8 transferring context: 114B done
#8 DONE 0.0s

#9 [web internal] load .dockerignore
#9 transferring context: 79B done
#9 DONE 0.0s

#10 [api stage-1 1/3] FROM docker.io/library/alpine:3.20@sha256:d9e853e87e55526f6b2917df91a2115c36dd7c696a35be12163d44e6e2a4b6bc
#10 resolve docker.io/library/alpine:3.20@sha256:d9e853e87e55526f6b2917df91a2115c36dd7c696a35be12163d44e6e2a4b6bc 0.0s done
#10 DONE 0.0s

#11 [api build 1/7] FROM docker.io/library/golang:1.22-alpine@sha256:1699c10032ca2582ec89a24a1312d986a3f094aed3d5c1147b19880afe40e052
#11 resolve docker.io/library/golang:1.22-alpine@sha256:1699c10032ca2582ec89a24a1312d986a3f094aed3d5c1147b19880afe40e052 0.0s done
#11 DONE 0.0s

#12 [web internal] load build context
#12 transferring context: 1.49kB done
#12 DONE 0.0s

#13 [api internal] load build context
#13 transferring context: 6.68kB done
#13 DONE 0.0s

#14 [api build 4/7] RUN go mod download
#14 CACHED

#15 [api stage-1 2/3] RUN adduser -D -u 10001 app
#15 CACHED

#16 [api build 2/7] WORKDIR /src
#16 CACHED

#17 [api build 6/7] COPY internal ./internal
#17 CACHED

#18 [api build 3/7] COPY go.mod go.sum ./
#18 CACHED

#19 [api build 7/7] RUN CGO_ENABLED=0 go build -buildvcs=false -trimpath -o /out/api ./cmd/api
#19 CACHED

#20 [api build 5/7] COPY cmd ./cmd
#20 CACHED

#21 [api stage-1 3/3] COPY --from=build /out/api /api
#21 CACHED

#22 [web build 1/6] FROM docker.io/library/node:24-alpine@sha256:d32cdf619f63fe0471182d08996dd516c6275bb5fd31ae06e55a570bd9e1ad43
#22 resolve docker.io/library/node:24-alpine@sha256:d32cdf619f63fe0471182d08996dd516c6275bb5fd31ae06e55a570bd9e1ad43 0.0s done
#22 DONE 0.0s

#23 [web stage-1 1/3] FROM docker.io/library/nginx:1.27-alpine@sha256:65645c7bb6a0661892a8b03b89d0743208a18dd2f3f17a54ef4b76fb8e2f2a10
#23 resolve docker.io/library/nginx:1.27-alpine@sha256:65645c7bb6a0661892a8b03b89d0743208a18dd2f3f17a54ef4b76fb8e2f2a10 0.0s done
#23 DONE 0.0s

#24 [web build 6/6] RUN npm run build
#24 CACHED

#25 [web build 5/6] COPY . .
#25 CACHED

#26 [web build 3/6] COPY package.json .
#26 CACHED

#27 [web build 2/6] WORKDIR /app
#27 CACHED

#28 [web stage-1 2/3] COPY --from=build /app/dist /usr/share/nginx/html
#28 CACHED

#29 [web build 4/6] RUN npm install
#29 CACHED

#30 [web stage-1 3/3] COPY nginx.conf /etc/nginx/conf.d/default.conf
#30 CACHED

#31 [web] exporting to image
#31 exporting layers done
#31 ...

#32 [api] exporting to image
#32 exporting layers done
#32 exporting manifest sha256:5a52a0c95c07d9f578a00bf0bfc850a98d2ae286d4c678d32967d28c5ced25ed done
#32 exporting config sha256:4e6a0ffa0a7e144980a8ad496ff1fae1ea844dd5b17a766cf0d6150f07c21cc5 done
#32 exporting attestation manifest sha256:8426933df183637b96d62b2585e8a87c50f46f3d0c72f38caf9012a8872471f9 0.0s done
#32 exporting manifest list sha256:72934b7afd2c0a4a1d40d8cb89034b4793c9fc19d34cdaaec579cbb0d653b0b0 0.0s done
#32 naming to docker.io/library/go-property-rental-formal-gold-api:latest done
#32 unpacking to docker.io/library/go-property-rental-formal-gold-api:latest done
#32 DONE 0.1s

#31 [web] exporting to image
#31 exporting manifest sha256:e53b73568ee8aefdf214c82df547432f365268ca42dd5b856e5d2a80e71285ff done
#31 exporting config sha256:73db321c5384147f98f2958207109e65c2829b7d661c12f5d2d55c3cad4d9d41 done
#31 exporting attestation manifest sha256:6f0e6e4213b078ec7de46e1ce2937f90d087faad7a600df417d50384babd9008 0.0s done
#31 exporting manifest list sha256:e7b5381a3bd805b74534ee991676968c263e27af6b4ab1c65dad9ea58d0bbcef 0.0s done
#31 naming to docker.io/library/go-property-rental-formal-gold-web:latest done
#31 unpacking to docker.io/library/go-property-rental-formal-gold-web:latest 0.0s done
#31 DONE 0.2s

#33 [api] resolving provenance for metadata file
#33 DONE 0.0s

#34 [web] resolving provenance for metadata file
#34 DONE 0.0s
