#1 [internal] load local bake definitions
#1 reading from stdin 1.15kB 0.0s done
#1 DONE 0.0s

#2 [web internal] load build definition from Dockerfile
#2 transferring dockerfile: 273B done
#2 DONE 0.0s

#3 [api internal] load build definition from Dockerfile
#3 transferring dockerfile: 375B done
#3 DONE 0.0s

#4 [web internal] load metadata for docker.io/library/nginx:1.27-alpine
#4 DONE 0.0s

#5 [api internal] load metadata for docker.io/library/alpine:3.20
#5 DONE 0.0s

#6 [api internal] load metadata for docker.io/library/golang:1.22-alpine
#6 ...

#7 [web internal] load metadata for docker.io/library/node:24-alpine
#7 DONE 0.3s

#8 [web internal] load .dockerignore
#8 transferring context: 79B done
#8 DONE 0.0s

#6 [api internal] load metadata for docker.io/library/golang:1.22-alpine
#6 DONE 0.3s

#9 [api internal] load .dockerignore
#9 transferring context: 114B done
#9 DONE 0.0s

#10 [web internal] load build context
#10 transferring context: 1.49kB done
#10 DONE 0.0s

#11 [web stage-1 1/3] FROM docker.io/library/nginx:1.27-alpine@sha256:65645c7bb6a0661892a8b03b89d0743208a18dd2f3f17a54ef4b76fb8e2f2a10
#11 resolve docker.io/library/nginx:1.27-alpine@sha256:65645c7bb6a0661892a8b03b89d0743208a18dd2f3f17a54ef4b76fb8e2f2a10 0.0s done
#11 DONE 0.0s

#12 [web build 1/6] FROM docker.io/library/node:24-alpine@sha256:d32cdf619f63fe0471182d08996dd516c6275bb5fd31ae06e55a570bd9e1ad43
#12 resolve docker.io/library/node:24-alpine@sha256:d32cdf619f63fe0471182d08996dd516c6275bb5fd31ae06e55a570bd9e1ad43 0.0s done
#12 DONE 0.0s

#13 [api build 1/7] FROM docker.io/library/golang:1.22-alpine@sha256:1699c10032ca2582ec89a24a1312d986a3f094aed3d5c1147b19880afe40e052
#13 resolve docker.io/library/golang:1.22-alpine@sha256:1699c10032ca2582ec89a24a1312d986a3f094aed3d5c1147b19880afe40e052 0.0s done
#13 DONE 0.0s

#14 [api stage-1 1/3] FROM docker.io/library/alpine:3.20@sha256:d9e853e87e55526f6b2917df91a2115c36dd7c696a35be12163d44e6e2a4b6bc
#14 resolve docker.io/library/alpine:3.20@sha256:d9e853e87e55526f6b2917df91a2115c36dd7c696a35be12163d44e6e2a4b6bc 0.0s done
#14 DONE 0.0s

#15 [web build 5/6] COPY . .
#15 CACHED

#16 [web build 6/6] RUN npm run build
#16 CACHED

#17 [web build 4/6] RUN npm install
#17 CACHED

#18 [web stage-1 2/3] COPY --from=build /app/dist /usr/share/nginx/html
#18 CACHED

#19 [web build 2/6] WORKDIR /app
#19 CACHED

#20 [web build 3/6] COPY package.json .
#20 CACHED

#21 [web stage-1 3/3] COPY nginx.conf /etc/nginx/conf.d/default.conf
#21 CACHED

#22 [web] exporting to image
#22 exporting layers done
#22 exporting manifest sha256:9cb090184dbd72385ecf39038884f205074fc3802d44f6d9c474a521b0c65317 done
#22 exporting config sha256:e9aa18fb9a474edfe054791c3887aa5ad86d529905abb3dc01eb1826c3051079
#22 ...

#23 [api internal] load build context
#23 transferring context: 41.79kB 0.0s done
#23 DONE 0.0s

#24 [api build 2/7] WORKDIR /src
#24 CACHED

#25 [api build 3/7] COPY go.mod go.sum ./
#25 CACHED

#26 [api build 4/7] RUN go mod download
#26 CACHED

#27 [api build 5/7] COPY cmd ./cmd
#27 CACHED

#28 [api build 6/7] COPY internal ./internal
#28 DONE 0.1s

#22 [web] exporting to image
#22 exporting config sha256:e9aa18fb9a474edfe054791c3887aa5ad86d529905abb3dc01eb1826c3051079 done
#22 exporting attestation manifest sha256:d448a1bb2b718c4da222ca1afb2901d60555983c82fea7c8dd53c41bc54d8d38 0.0s done
#22 exporting manifest list sha256:5a9799dca217d8908663ee8e1d5cf7be8f699f7de40a176cb700e8e0b4968ab9 0.0s done
#22 naming to docker.io/library/go-property-rental-formal-gold-web:latest done
#22 unpacking to docker.io/library/go-property-rental-formal-gold-web:latest 0.0s done
#22 DONE 0.1s

#29 [api build 7/7] RUN CGO_ENABLED=0 go build -buildvcs=false -trimpath -o /out/api ./cmd/api
#29 ...

#30 [web] resolving provenance for metadata file
#30 DONE 0.0s

#29 [api build 7/7] RUN CGO_ENABLED=0 go build -buildvcs=false -trimpath -o /out/api ./cmd/api
#29 DONE 10.9s

#31 [api stage-1 2/3] RUN adduser -D -u 10001 app
#31 CACHED

#32 [api stage-1 3/3] COPY --from=build /out/api /api
#32 DONE 0.0s

#33 [api] exporting to image
#33 exporting layers
#33 exporting layers 0.4s done
#33 exporting manifest sha256:242e507a8bad045d024b1c0b7a79000795005afbd5d96b52ddcd948da6ce42ef 0.0s done
#33 exporting config sha256:2441ecd30c2e711d89fdc35556fe0b7fa9c662f888190c3c7b0ccfc163a22825 0.0s done
#33 exporting attestation manifest sha256:5c4c713853f94bd46a166f5fa0110d83116c1a653e23714090c7cdad2133efe9 0.0s done
#33 exporting manifest list sha256:33240e10fea259f42774d98a2499297509f001a406eae65b6396d18367573ebe 0.0s done
#33 naming to docker.io/library/go-property-rental-formal-gold-api:latest done
#33 unpacking to docker.io/library/go-property-rental-formal-gold-api:latest 0.1s done
#33 DONE 0.6s

#34 [api] resolving provenance for metadata file
#34 DONE 0.0s
