#1 [internal] load local bake definitions
#1 reading from stdin 1.15kB 0.0s done
#1 DONE 0.0s

#2 [api internal] load build definition from Dockerfile
#2 transferring dockerfile: 375B done
#2 DONE 0.0s

#3 [web internal] load build definition from Dockerfile
#3 transferring dockerfile: 273B done
#3 DONE 0.0s

#4 [api internal] load metadata for docker.io/library/alpine:3.20
#4 DONE 0.0s

#5 [web internal] load metadata for docker.io/library/nginx:1.27-alpine
#5 DONE 0.0s

#6 [web internal] load metadata for docker.io/library/node:24-alpine
#6 ...

#7 [api internal] load metadata for docker.io/library/golang:1.22-alpine
#7 DONE 0.3s

#8 [api internal] load .dockerignore
#8 transferring context: 114B done
#8 DONE 0.0s

#6 [web internal] load metadata for docker.io/library/node:24-alpine
#6 DONE 0.3s

#9 [api stage-1 1/3] FROM docker.io/library/alpine:3.20@sha256:d9e853e87e55526f6b2917df91a2115c36dd7c696a35be12163d44e6e2a4b6bc
#9 resolve docker.io/library/alpine:3.20@sha256:d9e853e87e55526f6b2917df91a2115c36dd7c696a35be12163d44e6e2a4b6bc 0.0s done
#9 DONE 0.0s

#10 [api build 1/7] FROM docker.io/library/golang:1.22-alpine@sha256:1699c10032ca2582ec89a24a1312d986a3f094aed3d5c1147b19880afe40e052
#10 resolve docker.io/library/golang:1.22-alpine@sha256:1699c10032ca2582ec89a24a1312d986a3f094aed3d5c1147b19880afe40e052 0.0s done
#10 DONE 0.0s

#11 [web internal] load .dockerignore
#11 transferring context: 79B done
#11 DONE 0.0s

#12 [web internal] load build context
#12 transferring context: 1.49kB done
#12 DONE 0.0s

#13 [api internal] load build context
#13 transferring context: 21.51kB 0.0s done
#13 DONE 0.0s

#14 [api build 3/7] COPY go.mod go.sum ./
#14 CACHED

#15 [api build 2/7] WORKDIR /src
#15 CACHED

#16 [api build 4/7] RUN go mod download
#16 CACHED

#17 [api build 5/7] COPY cmd ./cmd
#17 CACHED

#18 [web stage-1 1/3] FROM docker.io/library/nginx:1.27-alpine@sha256:65645c7bb6a0661892a8b03b89d0743208a18dd2f3f17a54ef4b76fb8e2f2a10
#18 resolve docker.io/library/nginx:1.27-alpine@sha256:65645c7bb6a0661892a8b03b89d0743208a18dd2f3f17a54ef4b76fb8e2f2a10 0.0s done
#18 DONE 0.0s

#19 [web build 1/6] FROM docker.io/library/node:24-alpine@sha256:d32cdf619f63fe0471182d08996dd516c6275bb5fd31ae06e55a570bd9e1ad43
#19 resolve docker.io/library/node:24-alpine@sha256:d32cdf619f63fe0471182d08996dd516c6275bb5fd31ae06e55a570bd9e1ad43 0.0s done
#19 DONE 0.0s

#20 [web build 5/6] COPY . .
#20 CACHED

#21 [web build 4/6] RUN npm install
#21 CACHED

#22 [web build 6/6] RUN npm run build
#22 CACHED

#23 [web stage-1 2/3] COPY --from=build /app/dist /usr/share/nginx/html
#23 CACHED

#24 [web build 3/6] COPY package.json .
#24 CACHED

#25 [web build 2/6] WORKDIR /app
#25 CACHED

#26 [web stage-1 3/3] COPY nginx.conf /etc/nginx/conf.d/default.conf
#26 CACHED

#27 [api build 6/7] COPY internal ./internal
#27 DONE 0.1s

#28 [web] exporting to image
#28 exporting layers done
#28 exporting manifest sha256:e53b73568ee8aefdf214c82df547432f365268ca42dd5b856e5d2a80e71285ff done
#28 exporting config sha256:73db321c5384147f98f2958207109e65c2829b7d661c12f5d2d55c3cad4d9d41 done
#28 exporting attestation manifest sha256:c6e838b0ed2b70cf6e6e2cc435d4bcd070521e6610e59d45fa0b30d494cffa50 0.0s done
#28 exporting manifest list sha256:ffe24aff61f5e1b5fde8244d8c76c12c7f161d52fda69710344307475c6fecff 0.0s done
#28 naming to docker.io/library/go-property-rental-formal-gold-web:latest done
#28 unpacking to docker.io/library/go-property-rental-formal-gold-web:latest 0.0s done
#28 DONE 0.1s

#29 [api build 7/7] RUN CGO_ENABLED=0 go build -buildvcs=false -trimpath -o /out/api ./cmd/api
#29 ...

#30 [web] resolving provenance for metadata file
#30 DONE 0.0s

#29 [api build 7/7] RUN CGO_ENABLED=0 go build -buildvcs=false -trimpath -o /out/api ./cmd/api
#29 DONE 14.7s

#31 [api stage-1 2/3] RUN adduser -D -u 10001 app
#31 CACHED

#32 [api stage-1 3/3] COPY --from=build /out/api /api
#32 DONE 0.1s

#33 [api] exporting to image
#33 exporting layers
#33 exporting layers 0.5s done
#33 exporting manifest sha256:cdea77d1faf7f58ec17bc8c1206b5257f750b748a92ac3fdbedcbc7b8f756305 0.0s done
#33 exporting config sha256:b1d39756186f46c88e96f319a01f51d364383170bf40cef5bed4a4500ac237c0 0.0s done
#33 exporting attestation manifest sha256:00f3e931208f993e86645ae9166b6c61311a80aa20c126d31e6f82cd03745fe6 0.0s done
#33 exporting manifest list sha256:0c1437841bf1cfc7148a36c66b3d036ebc8454feeed99032336c06d8269324c9 0.0s done
#33 naming to docker.io/library/go-property-rental-formal-gold-api:latest done
#33 unpacking to docker.io/library/go-property-rental-formal-gold-api:latest 0.1s done
#33 DONE 0.7s

#34 [api] resolving provenance for metadata file
#34 DONE 0.0s
