 Container go-property-rental-formal-gold-web-1  Stopping
 Container go-property-rental-formal-gold-web-1  Stopped
 Container go-property-rental-formal-gold-web-1  Removing
 Container go-property-rental-formal-gold-web-1  Removed
 Container go-property-rental-formal-gold-api-1  Stopping
 Container go-property-rental-formal-gold-api-1  Stopped
 Container go-property-rental-formal-gold-api-1  Removing
 Container go-property-rental-formal-gold-api-1  Removed
 Container go-property-rental-formal-gold-redis-1  Stopping
 Container go-property-rental-formal-gold-mysql-1  Stopping
 Container go-property-rental-formal-gold-redis-1  Stopped
 Container go-property-rental-formal-gold-redis-1  Removing
 Container go-property-rental-formal-gold-redis-1  Removed
 Container go-property-rental-formal-gold-mysql-1  Stopped
 Container go-property-rental-formal-gold-mysql-1  Removing
 Container go-property-rental-formal-gold-mysql-1  Removed
 Volume go-property-rental-formal-gold_redis_data  Removing
 Volume go-property-rental-formal-gold_mysql_data  Removing
 Network go-property-rental-formal-gold_default  Removing
 Volume go-property-rental-formal-gold_redis_data  Removed
 Volume go-property-rental-formal-gold_mysql_data  Removed
 Network go-property-rental-formal-gold_default  Removed
