#1 [internal] load local bake definitions
#1 reading from stdin 1.15kB done
#1 DONE 0.0s

#2 [web internal] load build definition from Dockerfile
#2 transferring dockerfile: 273B done
#2 DONE 0.0s

#3 [api internal] load build definition from Dockerfile
#3 transferring dockerfile: 375B done
#3 DONE 0.0s

#4 [web internal] load metadata for docker.io/library/nginx:1.27-alpine
#4 DONE 0.0s

#5 [api internal] load metadata for docker.io/library/alpine:3.20
#5 DONE 0.0s

#6 [api internal] load metadata for docker.io/library/golang:1.22-alpine
#6 DONE 0.2s

#7 [web internal] load metadata for docker.io/library/node:24-alpine
#7 ...

#8 [api internal] load .dockerignore
#8 transferring context: 114B done
#8 DONE 0.0s

#9 [api stage-1 1/3] FROM docker.io/library/alpine:3.20@sha256:d9e853e87e55526f6b2917df91a2115c36dd7c696a35be12163d44e6e2a4b6bc
#9 resolve docker.io/library/alpine:3.20@sha256:d9e853e87e55526f6b2917df91a2115c36dd7c696a35be12163d44e6e2a4b6bc 0.0s done
#9 DONE 0.0s

#10 [api build 1/7] FROM docker.io/library/golang:1.22-alpine@sha256:1699c10032ca2582ec89a24a1312d986a3f094aed3d5c1147b19880afe40e052
#10 resolve docker.io/library/golang:1.22-alpine@sha256:1699c10032ca2582ec89a24a1312d986a3f094aed3d5c1147b19880afe40e052 0.0s done
#10 DONE 0.0s

#11 [api internal] load build context
#11 transferring context: 17.16kB 0.0s done
#11 DONE 0.0s

#12 [api build 3/7] COPY go.mod go.sum ./
#12 CACHED

#13 [api build 2/7] WORKDIR /src
#13 CACHED

#14 [api build 4/7] RUN go mod download
#14 CACHED

#15 [api build 5/7] COPY cmd ./cmd
#15 CACHED

#16 [api build 6/7] COPY internal ./internal
#16 DONE 0.0s

#17 [api build 7/7] RUN CGO_ENABLED=0 go build -buildvcs=false -trimpath -o /out/api ./cmd/api
#17 ...

#7 [web internal] load metadata for docker.io/library/node:24-alpine
#7 DONE 1.1s

#18 [web internal] load .dockerignore
#18 transferring context: 79B done
#18 DONE 0.0s

#19 [web internal] load build context
#19 transferring context: 1.49kB done
#19 DONE 0.0s

#20 [web build 1/6] FROM docker.io/library/node:24-alpine@sha256:d32cdf619f63fe0471182d08996dd516c6275bb5fd31ae06e55a570bd9e1ad43
#20 resolve docker.io/library/node:24-alpine@sha256:d32cdf619f63fe0471182d08996dd516c6275bb5fd31ae06e55a570bd9e1ad43 0.0s done
#20 DONE 0.0s

#21 [web stage-1 1/3] FROM docker.io/library/nginx:1.27-alpine@sha256:65645c7bb6a0661892a8b03b89d0743208a18dd2f3f17a54ef4b76fb8e2f2a10
#21 resolve docker.io/library/nginx:1.27-alpine@sha256:65645c7bb6a0661892a8b03b89d0743208a18dd2f3f17a54ef4b76fb8e2f2a10 0.0s done
#21 DONE 0.0s

#22 [web build 6/6] RUN npm run build
#22 CACHED

#23 [web build 2/6] WORKDIR /app
#23 CACHED

#24 [web build 4/6] RUN npm install
#24 CACHED

#25 [web build 3/6] COPY package.json .
#25 CACHED

#26 [web build 5/6] COPY . .
#26 CACHED

#27 [web stage-1 2/3] COPY --from=build /app/dist /usr/share/nginx/html
#27 CACHED

#28 [web stage-1 3/3] COPY nginx.conf /etc/nginx/conf.d/default.conf
#28 CACHED

#29 [web] exporting to image
#29 exporting layers 0.0s done
#29 exporting manifest sha256:e53b73568ee8aefdf214c82df547432f365268ca42dd5b856e5d2a80e71285ff done
#29 exporting config sha256:73db321c5384147f98f2958207109e65c2829b7d661c12f5d2d55c3cad4d9d41 done
#29 exporting attestation manifest sha256:f85b9bdb17af48cff32e551221eb722d37764132d414db2d5febf379e90e3812
#29 exporting attestation manifest sha256:f85b9bdb17af48cff32e551221eb722d37764132d414db2d5febf379e90e3812 0.0s done
#29 exporting manifest list sha256:3835fcdfab52576631b7217ee2e5efc65e86c937587d29f4f8233bb0f984591e 0.0s done
#29 naming to docker.io/library/go-property-rental-formal-gold-web:latest done
#29 unpacking to docker.io/library/go-property-rental-formal-gold-web:latest 0.0s done
#29 DONE 0.2s

#17 [api build 7/7] RUN CGO_ENABLED=0 go build -buildvcs=false -trimpath -o /out/api ./cmd/api
#17 ...

#30 [web] resolving provenance for metadata file
#30 DONE 0.0s

#17 [api build 7/7] RUN CGO_ENABLED=0 go build -buildvcs=false -trimpath -o /out/api ./cmd/api
#17 DONE 9.3s

#31 [api stage-1 2/3] RUN adduser -D -u 10001 app
#31 CACHED

#32 [api stage-1 3/3] COPY --from=build /out/api /api
#32 DONE 0.0s

#33 [api] exporting to image
#33 exporting layers
#33 exporting layers 0.4s done
#33 exporting manifest sha256:ef7fca87bcd1869605b0a27ea30ee65f976df17782c2fddd8556de336ec4c0cc done
#33 exporting config sha256:956a1175a82117fb451e3f1705c8d8f338ea4e8971a37ced12ecd8438e93644c done
#33 exporting attestation manifest sha256:76734d1131f2d393b86d1212599cea8a9d21f28d8a25e8929f05febf6f2ba3a9 0.0s done
#33 exporting manifest list sha256:9eb50787d59366dc6cbe76a06113b5a9a3d9eac803fb6181f594abd7d2f7a258 done
#33 naming to docker.io/library/go-property-rental-formal-gold-api:latest done
#33 unpacking to docker.io/library/go-property-rental-formal-gold-api:latest 0.0s done
#33 DONE 0.5s

#34 [api] resolving provenance for metadata file
#34 DONE 0.0s
