#1 [internal] load local bake definitions
#1 reading from stdin 1.15kB done
#1 DONE 0.0s

#2 [api internal] load build definition from Dockerfile
#2 transferring dockerfile: 375B done
#2 DONE 0.0s

#3 [web internal] load build definition from Dockerfile
#3 transferring dockerfile: 273B done
#3 DONE 0.0s

#4 [web internal] load metadata for docker.io/library/nginx:1.27-alpine
#4 DONE 0.1s

#5 [api internal] load metadata for docker.io/library/alpine:3.20
#5 DONE 0.1s

#6 [web internal] load metadata for docker.io/library/node:24-alpine
#6 ...

#7 [api internal] load metadata for docker.io/library/golang:1.22-alpine
#7 DONE 0.6s

#8 [api internal] load .dockerignore
#8 transferring context: 114B done
#8 DONE 0.0s

#9 [api stage-1 1/3] FROM docker.io/library/alpine:3.20@sha256:d9e853e87e55526f6b2917df91a2115c36dd7c696a35be12163d44e6e2a4b6bc
#9 resolve docker.io/library/alpine:3.20@sha256:d9e853e87e55526f6b2917df91a2115c36dd7c696a35be12163d44e6e2a4b6bc 0.0s done
#9 DONE 0.0s

#10 [api build 1/7] FROM docker.io/library/golang:1.22-alpine@sha256:1699c10032ca2582ec89a24a1312d986a3f094aed3d5c1147b19880afe40e052
#10 resolve docker.io/library/golang:1.22-alpine@sha256:1699c10032ca2582ec89a24a1312d986a3f094aed3d5c1147b19880afe40e052 0.0s done
#10 DONE 0.0s

#11 [api internal] load build context
#11 transferring context: 6.68kB done
#11 DONE 0.0s

#12 [api build 3/7] COPY go.mod go.sum ./
#12 CACHED

#13 [api build 2/7] WORKDIR /src
#13 CACHED

#14 [api build 4/7] RUN go mod download
#14 CACHED

#15 [api build 5/7] COPY cmd ./cmd
#15 CACHED

#16 [api build 6/7] COPY internal ./internal
#16 CACHED

#17 [api build 7/7] RUN CGO_ENABLED=0 go build -buildvcs=false -trimpath -o /out/api ./cmd/api
#17 DONE 8.8s

#6 [web internal] load metadata for docker.io/library/node:24-alpine
#6 DONE 9.6s

#18 [api stage-1 2/3] RUN adduser -D -u 10001 app
#18 CACHED

#19 [api stage-1 3/3] COPY --from=build /out/api /api
#19 DONE 0.0s

#20 [api] exporting to image
#20 exporting layers
#20 ...

#21 [web internal] load .dockerignore
#21 transferring context: 79B done
#21 DONE 0.0s

#22 [web internal] load build context
#22 transferring context: 1.49kB done
#22 DONE 0.0s

#23 [web build 1/6] FROM docker.io/library/node:24-alpine@sha256:d32cdf619f63fe0471182d08996dd516c6275bb5fd31ae06e55a570bd9e1ad43
#23 resolve docker.io/library/node:24-alpine@sha256:d32cdf619f63fe0471182d08996dd516c6275bb5fd31ae06e55a570bd9e1ad43 0.0s done
#23 DONE 0.0s

#24 [web stage-1 1/3] FROM docker.io/library/nginx:1.27-alpine@sha256:65645c7bb6a0661892a8b03b89d0743208a18dd2f3f17a54ef4b76fb8e2f2a10
#24 resolve docker.io/library/nginx:1.27-alpine@sha256:65645c7bb6a0661892a8b03b89d0743208a18dd2f3f17a54ef4b76fb8e2f2a10 0.0s done
#24 DONE 0.0s

#25 [web build 2/6] WORKDIR /app
#25 CACHED

#26 [web build 4/6] RUN npm install
#26 CACHED

#27 [web build 5/6] COPY . .
#27 CACHED

#28 [web build 3/6] COPY package.json .
#28 CACHED

#29 [web build 6/6] RUN npm run build
#29 CACHED

#30 [web stage-1 2/3] COPY --from=build /app/dist /usr/share/nginx/html
#30 CACHED

#31 [web stage-1 3/3] COPY nginx.conf /etc/nginx/conf.d/default.conf
#31 CACHED

#32 [web] exporting to image
#32 exporting layers done
#32 exporting manifest sha256:e53b73568ee8aefdf214c82df547432f365268ca42dd5b856e5d2a80e71285ff done
#32 exporting config sha256:73db321c5384147f98f2958207109e65c2829b7d661c12f5d2d55c3cad4d9d41 done
#32 exporting attestation manifest sha256:86bd165cc7991b4549eaae3fb966dfc96ad3ea6d7742940105d01670e42c9018 0.0s done
#32 exporting manifest list sha256:c06b0a091e7373b58377ae5853f1df88c5f26a58b2c35c7833017dadc996a3da done
#32 naming to docker.io/library/go-property-rental-formal-gold-web:latest done
#32 unpacking to docker.io/library/go-property-rental-formal-gold-web:latest 0.0s done
#32 DONE 0.1s

#33 [web] resolving provenance for metadata file
#33 DONE 0.0s

#20 [api] exporting to image
#20 exporting layers 0.5s done
#20 exporting manifest sha256:9a0e95199181ff101ae580ca3296de2b11a67c140b5e673aed7911fbd8000957 0.0s done
#20 exporting config sha256:42dbbef53eba8162c56861a34ee6ee9b1be07f029721c3d48dce83ba69935347 0.0s done
#20 exporting attestation manifest sha256:5263a02830960eb759f41a7cbcbd0e86fff1b2e14936353e29f5b060dc3f0a33 0.0s done
#20 exporting manifest list sha256:807b867125697a2ee35b936bce252911ceebb3ea90a0d2a8b75e77d443554016 0.0s done
#20 naming to docker.io/library/go-property-rental-formal-gold-api:latest done
#20 unpacking to docker.io/library/go-property-rental-formal-gold-api:latest 0.1s done
#20 DONE 0.7s

#34 [api] resolving provenance for metadata file
#34 DONE 0.0s
