#1 [internal] load local bake definitions
#1 reading from stdin 1.15kB 0.0s done
#1 DONE 0.0s

#2 [web internal] load build definition from Dockerfile
#2 transferring dockerfile: 273B 0.0s done
#2 DONE 0.0s

#3 [api internal] load build definition from Dockerfile
#3 transferring dockerfile: 375B done
#3 DONE 0.0s

#4 [web internal] load metadata for docker.io/library/nginx:1.27-alpine
#4 DONE 0.0s

#5 [api internal] load metadata for docker.io/library/alpine:3.20
#5 DONE 0.0s

#6 [api internal] load metadata for docker.io/library/golang:1.22-alpine
#6 DONE 0.3s

#7 [web internal] load metadata for docker.io/library/node:24-alpine
#7 ...

#8 [api internal] load .dockerignore
#8 transferring context: 114B done
#8 DONE 0.0s

#9 [api build 1/7] FROM docker.io/library/golang:1.22-alpine@sha256:1699c10032ca2582ec89a24a1312d986a3f094aed3d5c1147b19880afe40e052
#9 resolve docker.io/library/golang:1.22-alpine@sha256:1699c10032ca2582ec89a24a1312d986a3f094aed3d5c1147b19880afe40e052 0.0s done
#9 DONE 0.0s

#10 [api stage-1 1/3] FROM docker.io/library/alpine:3.20@sha256:d9e853e87e55526f6b2917df91a2115c36dd7c696a35be12163d44e6e2a4b6bc
#10 resolve docker.io/library/alpine:3.20@sha256:d9e853e87e55526f6b2917df91a2115c36dd7c696a35be12163d44e6e2a4b6bc 0.0s done
#10 DONE 0.1s

#11 [api internal] load build context
#11 transferring context: 41.01kB 0.0s done
#11 DONE 0.1s

#12 [api build 2/7] WORKDIR /src
#12 CACHED

#13 [api build 3/7] COPY go.mod go.sum ./
#13 CACHED

#14 [api build 4/7] RUN go mod download
#14 CACHED

#15 [api build 5/7] COPY cmd ./cmd
#15 CACHED

#16 [api build 6/7] COPY internal ./internal
#16 DONE 0.1s

#17 [api build 7/7] RUN CGO_ENABLED=0 go build -buildvcs=false -trimpath -o /out/api ./cmd/api
#17 ...

#18 [api stage-1 2/3] RUN adduser -D -u 10001 app
#18 DONE 0.3s

#7 [web internal] load metadata for docker.io/library/node:24-alpine
#7 DONE 1.1s

#17 [api build 7/7] RUN CGO_ENABLED=0 go build -buildvcs=false -trimpath -o /out/api ./cmd/api
#17 ...

#19 [web internal] load .dockerignore
#19 transferring context: 79B done
#19 DONE 0.0s

#20 [web internal] load build context
#20 transferring context: 1.49kB done
#20 DONE 0.0s

#21 [web build 1/6] FROM docker.io/library/node:24-alpine@sha256:d32cdf619f63fe0471182d08996dd516c6275bb5fd31ae06e55a570bd9e1ad43
#21 resolve docker.io/library/node:24-alpine@sha256:d32cdf619f63fe0471182d08996dd516c6275bb5fd31ae06e55a570bd9e1ad43 0.0s done
#21 DONE 0.1s

#22 [web stage-1 1/3] FROM docker.io/library/nginx:1.27-alpine@sha256:65645c7bb6a0661892a8b03b89d0743208a18dd2f3f17a54ef4b76fb8e2f2a10
#22 resolve docker.io/library/nginx:1.27-alpine@sha256:65645c7bb6a0661892a8b03b89d0743208a18dd2f3f17a54ef4b76fb8e2f2a10 0.0s done
#22 DONE 0.1s

#23 [web build 2/6] WORKDIR /app
#23 DONE 0.1s

#17 [api build 7/7] RUN CGO_ENABLED=0 go build -buildvcs=false -trimpath -o /out/api ./cmd/api
#17 ...

#24 [web build 3/6] COPY package.json .
#24 DONE 0.1s

#25 [web build 4/6] RUN npm install
#25 ...

#17 [api build 7/7] RUN CGO_ENABLED=0 go build -buildvcs=false -trimpath -o /out/api ./cmd/api
#17 DONE 10.4s

#26 [api stage-1 3/3] COPY --from=build /out/api /api
#26 DONE 0.0s

#27 [api] exporting to image
#27 exporting layers
#27 exporting layers 0.7s done
#27 exporting manifest sha256:daae74f92e3d83c443c1f5c5c375dfecc5ba48a1a87610f0fe3b2f5b177ce6a6 0.0s done
#27 exporting config sha256:6bb6ea6886becf2ff130256dd4615ec111b6261ce442d340867f071513c4f309 0.0s done
#27 exporting attestation manifest sha256:e5542ca6fd8ae2fba885a6fe7e674588b790ad091e65009c2bc64f53d6c1df27 0.0s done
#27 exporting manifest list sha256:82d57453292f23d1c864aa8b98c73d46facb2e2e4fd2a83f91ed5f23b29892a2
#27 exporting manifest list sha256:82d57453292f23d1c864aa8b98c73d46facb2e2e4fd2a83f91ed5f23b29892a2 0.0s done
#27 naming to docker.io/library/go-property-rental-formal-gold-api:latest done
#27 unpacking to docker.io/library/go-property-rental-formal-gold-api:latest
#27 unpacking to docker.io/library/go-property-rental-formal-gold-api:latest 0.2s done
#27 DONE 1.1s

#28 [api] resolving provenance for metadata file
#28 DONE 0.0s

#25 [web build 4/6] RUN npm install
#25 18.85 
#25 18.85 added 108 packages, and audited 109 packages in 18s
#25 18.85 
#25 18.85 28 packages are looking for funding
#25 18.85   run `npm fund` for details
#25 18.86 
#25 18.86 found 0 vulnerabilities
#25 18.86 npm notice
#25 18.86 npm notice New major version of npm available! 11.17.0 -> 12.0.2
#25 18.86 npm notice Changelog: https://github.com/npm/cli/releases/tag/v12.0.2
#25 18.86 npm notice To update run: npm install -g npm@12.0.2
#25 18.86 npm notice
#25 DONE 19.1s

#29 [web build 5/6] COPY . .
#29 DONE 0.1s

#30 [web build 6/6] RUN npm run build
#30 0.493 
#30 0.493 > build
#30 0.493 > vite build
#30 0.493 
#30 0.965 vite v8.2.1 building client environment for production...
#30 1.049 [2Ktransforming...✓ 125 modules transformed.
#30 1.531 rendering chunks...
#30 1.597 computing gzip size...
#30 1.600 dist/index.html                   0.37 kB │ gzip:  0.30 kB
#30 1.600 dist/assets/index-DiBTBG2p.css   17.11 kB │ gzip:  4.34 kB
#30 1.600 dist/assets/index-DCOynBiq.js   235.51 kB │ gzip: 76.79 kB
#30 1.600 
#30 1.601 ✓ built in 634ms
#30 DONE 1.7s

#31 [web stage-1 2/3] COPY --from=build /app/dist /usr/share/nginx/html
#31 DONE 0.0s

#32 [web stage-1 3/3] COPY nginx.conf /etc/nginx/conf.d/default.conf
#32 DONE 0.0s

#33 [web] exporting to image
#33 exporting layers 0.1s done
#33 exporting manifest sha256:9cb090184dbd72385ecf39038884f205074fc3802d44f6d9c474a521b0c65317 0.0s done
#33 exporting config sha256:e9aa18fb9a474edfe054791c3887aa5ad86d529905abb3dc01eb1826c3051079 0.0s done
#33 exporting attestation manifest sha256:f5981f261e3a2f07568c0c2354005c95190ec22691231294aab93f308d81677a 0.0s done
#33 exporting manifest list sha256:c1d669f4ffc6b33fb38d146d136d7debb37ccc94a730a10d2d738bb7ea9efe66 0.0s done
#33 naming to docker.io/library/go-property-rental-formal-gold-web:latest done
#33 unpacking to docker.io/library/go-property-rental-formal-gold-web:latest 0.1s done
#33 DONE 0.3s

#34 [web] resolving provenance for metadata file
#34 DONE 0.0s
