#1 [internal] load local bake definitions
#1 reading from stdin 1.15kB done
#1 DONE 0.0s

#2 [api internal] load build definition from Dockerfile
#2 transferring dockerfile: 375B done
#2 DONE 0.0s

#3 [web internal] load build definition from Dockerfile
#3 transferring dockerfile: 273B done
#3 DONE 0.0s

#4 [api internal] load metadata for docker.io/library/alpine:3.20
#4 DONE 0.0s

#5 [web internal] load metadata for docker.io/library/nginx:1.27-alpine
#5 DONE 0.0s

#6 [web internal] load metadata for docker.io/library/node:24-alpine
#6 DONE 0.2s

#7 [api internal] load metadata for docker.io/library/golang:1.22-alpine
#7 DONE 0.3s

#8 [web internal] load .dockerignore
#8 transferring context: 79B done
#8 DONE 0.0s

#9 [web internal] load build context
#9 transferring context: 1.49kB done
#9 DONE 0.0s

#10 [web build 1/6] FROM docker.io/library/node:24-alpine@sha256:d32cdf619f63fe0471182d08996dd516c6275bb5fd31ae06e55a570bd9e1ad43
#10 resolve docker.io/library/node:24-alpine@sha256:d32cdf619f63fe0471182d08996dd516c6275bb5fd31ae06e55a570bd9e1ad43 0.0s done
#10 DONE 0.0s

#11 [web stage-1 1/3] FROM docker.io/library/nginx:1.27-alpine@sha256:65645c7bb6a0661892a8b03b89d0743208a18dd2f3f17a54ef4b76fb8e2f2a10
#11 resolve docker.io/library/nginx:1.27-alpine@sha256:65645c7bb6a0661892a8b03b89d0743208a18dd2f3f17a54ef4b76fb8e2f2a10 0.0s done
#11 DONE 0.0s

#12 [web build 2/6] WORKDIR /app
#12 CACHED

#13 [web build 6/6] RUN npm run build
#13 CACHED

#14 [web build 3/6] COPY package.json .
#14 CACHED

#15 [web build 4/6] RUN npm install
#15 CACHED

#16 [web stage-1 2/3] COPY --from=build /app/dist /usr/share/nginx/html
#16 CACHED

#17 [web build 5/6] COPY . .
#17 CACHED

#18 [web stage-1 3/3] COPY nginx.conf /etc/nginx/conf.d/default.conf
#18 CACHED

#19 [api internal] load .dockerignore
#19 transferring context: 114B done
#19 DONE 0.0s

#20 [api internal] load build context
#20 DONE 0.0s

#21 [web] exporting to image
#21 exporting layers done
#21 exporting manifest sha256:e53b73568ee8aefdf214c82df547432f365268ca42dd5b856e5d2a80e71285ff done
#21 exporting config sha256:73db321c5384147f98f2958207109e65c2829b7d661c12f5d2d55c3cad4d9d41 done
#21 exporting attestation manifest sha256:c98312062d88c66d4ca86af10cb36e00aec9e1bd629a2df6b7dec309bd14f9b8
#21 exporting attestation manifest sha256:c98312062d88c66d4ca86af10cb36e00aec9e1bd629a2df6b7dec309bd14f9b8 0.0s done
#21 exporting manifest list sha256:071bd9628e2a13c4bb1ed363bf9f12c538e42d67da088dc5e5a466c73dadc053 0.0s done
#21 naming to docker.io/library/go-property-rental-formal-gold-web:latest done
#21 unpacking to docker.io/library/go-property-rental-formal-gold-web:latest 0.0s done
#21 DONE 0.2s

#22 [api build 1/7] FROM docker.io/library/golang:1.22-alpine@sha256:1699c10032ca2582ec89a24a1312d986a3f094aed3d5c1147b19880afe40e052
#22 resolve docker.io/library/golang:1.22-alpine@sha256:1699c10032ca2582ec89a24a1312d986a3f094aed3d5c1147b19880afe40e052 0.1s done
#22 DONE 0.1s

#23 [api stage-1 1/3] FROM docker.io/library/alpine:3.20@sha256:d9e853e87e55526f6b2917df91a2115c36dd7c696a35be12163d44e6e2a4b6bc
#23 resolve docker.io/library/alpine:3.20@sha256:d9e853e87e55526f6b2917df91a2115c36dd7c696a35be12163d44e6e2a4b6bc 0.1s done
#23 DONE 0.1s

#20 [api internal] load build context
#20 transferring context: 22.48kB 0.0s done
#20 DONE 0.0s

#24 [api build 4/7] RUN go mod download
#24 CACHED

#25 [api build 3/7] COPY go.mod go.sum ./
#25 CACHED

#26 [api build 2/7] WORKDIR /src
#26 CACHED

#27 [api build 5/7] COPY cmd ./cmd
#27 CACHED

#28 [api build 6/7] COPY internal ./internal
#28 DONE 0.1s

#29 [web] resolving provenance for metadata file
#29 DONE 0.0s

#30 [api build 7/7] RUN CGO_ENABLED=0 go build -buildvcs=false -trimpath -o /out/api ./cmd/api
#30 DONE 9.8s

#31 [api stage-1 2/3] RUN adduser -D -u 10001 app
#31 CACHED

#32 [api stage-1 3/3] COPY --from=build /out/api /api
#32 DONE 0.1s

#33 [api] exporting to image
#33 exporting layers
#33 exporting layers 0.4s done
#33 exporting manifest sha256:69508e6d370d6efe95fde31a3d7339aabc9fd2fb9c746d06d42de28e816b1473 0.0s done
#33 exporting config sha256:2993230dd66bc3e7c41394ee3485ba6f27fd827cca9431d1f34af8d182382239 done
#33 exporting attestation manifest sha256:7d12095f7aadf4195d33261392d7549185e3c46203e91734885c1aa163470997 0.0s done
#33 exporting manifest list sha256:ea5328c86df03fbd7ac63c98e3e59b09dead1e1d5ff37e2104a71ff7db72e6a8 0.0s done
#33 naming to docker.io/library/go-property-rental-formal-gold-api:latest done
#33 unpacking to docker.io/library/go-property-rental-formal-gold-api:latest 0.1s done
#33 DONE 0.5s

#34 [api] resolving provenance for metadata file
#34 DONE 0.0s
