#1 [internal] load local bake definitions
#1 reading from stdin 1.15kB 0.0s done
#1 DONE 0.0s

#2 [api internal] load build definition from Dockerfile
#2 transferring dockerfile: 375B 0.0s done
#2 DONE 0.0s

#3 [web internal] load build definition from Dockerfile
#3 transferring dockerfile: 273B 0.0s done
#3 DONE 0.0s

#4 [api internal] load metadata for docker.io/library/alpine:3.20
#4 DONE 0.1s

#5 [web internal] load metadata for docker.io/library/nginx:1.27-alpine
#5 DONE 0.1s

#6 [web internal] load metadata for docker.io/library/node:24-alpine
#6 ...

#7 [api internal] load metadata for docker.io/library/golang:1.22-alpine
#7 DONE 0.3s

#6 [web internal] load metadata for docker.io/library/node:24-alpine
#6 DONE 0.3s

#8 [api internal] load .dockerignore
#8 transferring context: 114B done
#8 DONE 0.0s

#9 [web internal] load .dockerignore
#9 transferring context: 79B done
#9 DONE 0.0s

#10 [api internal] load build context
#10 DONE 0.0s

#11 [web internal] load build context
#11 transferring context: 1.49kB 0.0s done
#11 DONE 0.1s

#12 [api build 1/7] FROM docker.io/library/golang:1.22-alpine@sha256:1699c10032ca2582ec89a24a1312d986a3f094aed3d5c1147b19880afe40e052
#12 resolve docker.io/library/golang:1.22-alpine@sha256:1699c10032ca2582ec89a24a1312d986a3f094aed3d5c1147b19880afe40e052 0.1s done
#12 DONE 0.1s

#13 [web build 1/6] FROM docker.io/library/node:24-alpine@sha256:d32cdf619f63fe0471182d08996dd516c6275bb5fd31ae06e55a570bd9e1ad43
#13 resolve docker.io/library/node:24-alpine@sha256:d32cdf619f63fe0471182d08996dd516c6275bb5fd31ae06e55a570bd9e1ad43 0.1s done
#13 DONE 0.1s

#14 [web stage-1 1/3] FROM docker.io/library/nginx:1.27-alpine@sha256:65645c7bb6a0661892a8b03b89d0743208a18dd2f3f17a54ef4b76fb8e2f2a10
#14 resolve docker.io/library/nginx:1.27-alpine@sha256:65645c7bb6a0661892a8b03b89d0743208a18dd2f3f17a54ef4b76fb8e2f2a10 0.1s done
#14 DONE 0.1s

#15 [api stage-1 1/3] FROM docker.io/library/alpine:3.20@sha256:d9e853e87e55526f6b2917df91a2115c36dd7c696a35be12163d44e6e2a4b6bc
#15 resolve docker.io/library/alpine:3.20@sha256:d9e853e87e55526f6b2917df91a2115c36dd7c696a35be12163d44e6e2a4b6bc 0.1s done
#15 DONE 0.1s

#10 [api internal] load build context
#10 transferring context: 6.68kB 0.0s done
#10 DONE 0.0s

#16 [web build 4/6] RUN npm install
#16 CACHED

#17 [web build 5/6] COPY . .
#17 CACHED

#18 [web build 6/6] RUN npm run build
#18 CACHED

#19 [web stage-1 2/3] COPY --from=build /app/dist /usr/share/nginx/html
#19 CACHED

#20 [web build 2/6] WORKDIR /app
#20 CACHED

#21 [web build 3/6] COPY package.json .
#21 CACHED

#22 [api stage-1 2/3] RUN adduser -D -u 10001 app
#22 CACHED

#23 [api build 3/7] COPY go.mod go.sum ./
#23 CACHED

#24 [api build 5/7] COPY cmd ./cmd
#24 CACHED

#25 [api build 2/7] WORKDIR /src
#25 CACHED

#26 [api build 4/7] RUN go mod download
#26 CACHED

#27 [api build 6/7] COPY internal ./internal
#27 CACHED

#28 [api build 7/7] RUN CGO_ENABLED=0 go build -buildvcs=false -trimpath -o /out/api ./cmd/api
#28 CACHED

#29 [web stage-1 3/3] COPY nginx.conf /etc/nginx/conf.d/default.conf
#29 CACHED

#30 [api stage-1 3/3] COPY --from=build /out/api /api
#30 CACHED

#31 [api] exporting to image
#31 exporting layers done
#31 exporting manifest sha256:7c7c0c426f9b7d02cb04e6786d973d26255737f8198c75a8f00fef7783923b3b done
#31 exporting config sha256:c020e0c02f2b734c0f2693d457961c6fabe9df0ddba8013a04e89fcbab7348fb done
#31 exporting attestation manifest sha256:36b452b56b249664d4b2cc1c08a3fa2f5df10e4613e6dc9bf47107223f5bc508 0.1s done
#31 exporting manifest list sha256:db7e155f35125eee001431380227cd4a23d7a91a98f1c291b03e25455a2f0708
#31 exporting manifest list sha256:db7e155f35125eee001431380227cd4a23d7a91a98f1c291b03e25455a2f0708 0.1s done
#31 naming to docker.io/library/go-property-rental-formal-gold-api:latest 0.0s done
#31 unpacking to docker.io/library/go-property-rental-formal-gold-api:latest 0.0s done
#31 DONE 0.5s

#32 [web] exporting to image
#32 exporting layers 0.0s done
#32 exporting manifest sha256:e53b73568ee8aefdf214c82df547432f365268ca42dd5b856e5d2a80e71285ff 0.0s done
#32 exporting config sha256:73db321c5384147f98f2958207109e65c2829b7d661c12f5d2d55c3cad4d9d41 0.0s done
#32 exporting attestation manifest sha256:d3dbc553143a6f6530e19049f0fec07e1552deedfb737ce6f51cc5a1c4d55b47 0.1s done
#32 exporting manifest list sha256:98c061fff93ae454b1b59157f3b45d2e5f63df4311536accea7fbcb5b1d73121 0.0s done
#32 naming to docker.io/library/go-property-rental-formal-gold-web:latest done
#32 unpacking to docker.io/library/go-property-rental-formal-gold-web:latest 0.0s done
#32 DONE 0.7s

#33 [api] resolving provenance for metadata file
#33 DONE 0.0s

#34 [web] resolving provenance for metadata file
#34 DONE 0.0s
