#1 [internal] load local bake definitions
#1 reading from stdin 1.22kB done
#1 DONE 0.0s

#2 [web internal] load build definition from Dockerfile
#2 transferring dockerfile: 273B done
#2 DONE 0.0s

#3 [api internal] load build definition from Dockerfile
#3 transferring dockerfile: 375B done
#3 DONE 0.0s

#4 [web internal] load metadata for docker.io/library/nginx:1.27-alpine
#4 DONE 0.0s

#5 [api internal] load metadata for docker.io/library/alpine:3.20
#5 DONE 0.0s

#6 [api internal] load metadata for docker.io/library/golang:1.22-alpine
#6 DONE 0.1s

#7 [web internal] load metadata for docker.io/library/node:24-alpine
#7 ...

#8 [api internal] load .dockerignore
#8 transferring context: 114B done
#8 DONE 0.0s

#9 [api build 1/7] FROM docker.io/library/golang:1.22-alpine@sha256:1699c10032ca2582ec89a24a1312d986a3f094aed3d5c1147b19880afe40e052
#9 resolve docker.io/library/golang:1.22-alpine@sha256:1699c10032ca2582ec89a24a1312d986a3f094aed3d5c1147b19880afe40e052 0.0s done
#9 DONE 0.0s

#10 [api stage-1 1/3] FROM docker.io/library/alpine:3.20@sha256:d9e853e87e55526f6b2917df91a2115c36dd7c696a35be12163d44e6e2a4b6bc
#10 resolve docker.io/library/alpine:3.20@sha256:d9e853e87e55526f6b2917df91a2115c36dd7c696a35be12163d44e6e2a4b6bc 0.0s done
#10 DONE 0.0s

#11 [api internal] load build context
#11 transferring context: 6.68kB done
#11 DONE 0.0s

#12 [api build 2/7] WORKDIR /src
#12 CACHED

#13 [api build 4/7] RUN go mod download
#13 CACHED

#14 [api build 7/7] RUN CGO_ENABLED=0 go build -buildvcs=false -trimpath -o /out/api ./cmd/api
#14 CACHED

#15 [api stage-1 2/3] RUN adduser -D -u 10001 app
#15 CACHED

#16 [api build 3/7] COPY go.mod go.sum ./
#16 CACHED

#17 [api build 5/7] COPY cmd ./cmd
#17 CACHED

#18 [api build 6/7] COPY internal ./internal
#18 CACHED

#19 [api stage-1 3/3] COPY --from=build /out/api /api
#19 CACHED

#20 [api] exporting to image
#20 exporting layers done
#20 exporting manifest sha256:a7829be6d9dc774f04941f6b93205c4f41d86d19aa549baa3a7cd53e3525d0dc done
#20 exporting config sha256:656ab9f43c62578fe9535a68b84a31e2b719e623ef4cbe615294697a68d7f132 done
#20 exporting attestation manifest sha256:ee80434f7c1d7d603885b0f9fed2826ebd44a5b578f31b5df76c7e1ad72b669b 0.0s done
#20 exporting manifest list sha256:49f4945c20fa2c06a7465458df1e04e7135dbe22e7f59f7dd71e59f94c39c449 0.0s done
#20 naming to docker.io/library/go-property-rental-folder-calibration-api:latest done
#20 unpacking to docker.io/library/go-property-rental-folder-calibration-api:latest done
#20 DONE 0.1s

#21 [api] resolving provenance for metadata file
#21 DONE 0.0s

#7 [web internal] load metadata for docker.io/library/node:24-alpine
#7 DONE 2.1s

#22 [web internal] load .dockerignore
#22 transferring context: 79B done
#22 DONE 0.0s

#23 [web internal] load build context
#23 transferring context: 1.49kB done
#23 DONE 0.0s

#24 [web build 1/6] FROM docker.io/library/node:24-alpine@sha256:d32cdf619f63fe0471182d08996dd516c6275bb5fd31ae06e55a570bd9e1ad43
#24 resolve docker.io/library/node:24-alpine@sha256:d32cdf619f63fe0471182d08996dd516c6275bb5fd31ae06e55a570bd9e1ad43 0.0s done
#24 DONE 0.0s

#25 [web stage-1 1/3] FROM docker.io/library/nginx:1.27-alpine@sha256:65645c7bb6a0661892a8b03b89d0743208a18dd2f3f17a54ef4b76fb8e2f2a10
#25 resolve docker.io/library/nginx:1.27-alpine@sha256:65645c7bb6a0661892a8b03b89d0743208a18dd2f3f17a54ef4b76fb8e2f2a10 0.0s done
#25 DONE 0.0s

#26 [web build 4/6] RUN npm install
#26 CACHED

#27 [web build 6/6] RUN npm run build
#27 CACHED

#28 [web build 5/6] COPY . .
#28 CACHED

#29 [web stage-1 2/3] COPY --from=build /app/dist /usr/share/nginx/html
#29 CACHED

#30 [web build 2/6] WORKDIR /app
#30 CACHED

#31 [web build 3/6] COPY package.json .
#31 CACHED

#32 [web stage-1 3/3] COPY nginx.conf /etc/nginx/conf.d/default.conf
#32 CACHED

#33 [web] exporting to image
#33 exporting layers done
#33 exporting manifest sha256:4161faada39a360b0e91ac5de3d29a77388e9bb1b3ccca2ee7142d6a306fe30a done
#33 exporting config sha256:2f3fccd543287dc5f983def54e8f836c265ea3ca45f607cdf4346aa9603fa724 done
#33 exporting attestation manifest sha256:78b721edb7b352f3d684180e4d10105e231307e939216e25755927b454a65ebe 0.1s done
#33 exporting manifest list sha256:b7d2d20064af3b6d27082b0228a773cee051860b701441acb12f699186d58476 0.0s done
#33 naming to docker.io/library/go-property-rental-folder-calibration-web:latest done
#33 unpacking to docker.io/library/go-property-rental-folder-calibration-web:latest 0.0s done
#33 DONE 0.2s

#34 [web] resolving provenance for metadata file
#34 DONE 0.0s
