#1 [internal] load local bake definitions
#1 reading from stdin 1.22kB 0.0s done
#1 DONE 0.0s

#2 [api internal] load build definition from Dockerfile
#2 transferring dockerfile: 375B done
#2 DONE 0.0s

#3 [web internal] load build definition from Dockerfile
#3 transferring dockerfile: 273B done
#3 DONE 0.0s

#4 [web internal] load metadata for docker.io/library/nginx:1.27-alpine
#4 DONE 0.0s

#5 [api internal] load metadata for docker.io/library/alpine:3.20
#5 DONE 0.0s

#6 [api internal] load metadata for docker.io/library/golang:1.22-alpine
#6 ...

#7 [web internal] load metadata for docker.io/library/node:24-alpine
#7 DONE 0.3s

#8 [web internal] load .dockerignore
#8 transferring context: 79B done
#8 DONE 0.0s

#6 [api internal] load metadata for docker.io/library/golang:1.22-alpine
#6 DONE 0.3s

#9 [web internal] load build context
#9 transferring context: 1.49kB done
#9 DONE 0.0s

#10 [api internal] load .dockerignore
#10 transferring context: 114B done
#10 DONE 0.0s

#11 [web stage-1 1/3] FROM docker.io/library/nginx:1.27-alpine@sha256:65645c7bb6a0661892a8b03b89d0743208a18dd2f3f17a54ef4b76fb8e2f2a10
#11 resolve docker.io/library/nginx:1.27-alpine@sha256:65645c7bb6a0661892a8b03b89d0743208a18dd2f3f17a54ef4b76fb8e2f2a10 0.0s done
#11 DONE 0.0s

#12 [web build 1/6] FROM docker.io/library/node:24-alpine@sha256:d32cdf619f63fe0471182d08996dd516c6275bb5fd31ae06e55a570bd9e1ad43
#12 resolve docker.io/library/node:24-alpine@sha256:d32cdf619f63fe0471182d08996dd516c6275bb5fd31ae06e55a570bd9e1ad43 0.0s done
#12 DONE 0.0s

#13 [api build 1/7] FROM docker.io/library/golang:1.22-alpine@sha256:1699c10032ca2582ec89a24a1312d986a3f094aed3d5c1147b19880afe40e052
#13 resolve docker.io/library/golang:1.22-alpine@sha256:1699c10032ca2582ec89a24a1312d986a3f094aed3d5c1147b19880afe40e052 0.0s done
#13 DONE 0.0s

#14 [web build 4/6] RUN npm install
#14 CACHED

#15 [web build 6/6] RUN npm run build
#15 CACHED

#16 [web build 2/6] WORKDIR /app
#16 CACHED

#17 [web stage-1 2/3] COPY --from=build /app/dist /usr/share/nginx/html
#17 CACHED

#18 [web build 3/6] COPY package.json .
#18 CACHED

#19 [web build 5/6] COPY . .
#19 CACHED

#20 [api stage-1 1/3] FROM docker.io/library/alpine:3.20@sha256:d9e853e87e55526f6b2917df91a2115c36dd7c696a35be12163d44e6e2a4b6bc
#20 resolve docker.io/library/alpine:3.20@sha256:d9e853e87e55526f6b2917df91a2115c36dd7c696a35be12163d44e6e2a4b6bc 0.0s done
#20 DONE 0.0s

#21 [web stage-1 3/3] COPY nginx.conf /etc/nginx/conf.d/default.conf
#21 CACHED

#22 [web] exporting to image
#22 exporting layers
#22 ...

#23 [api internal] load build context
#23 transferring context: 6.68kB 0.0s done
#23 DONE 0.0s

#24 [api build 2/7] WORKDIR /src
#24 CACHED

#25 [api stage-1 2/3] RUN adduser -D -u 10001 app
#25 CACHED

#26 [api build 5/7] COPY cmd ./cmd
#26 CACHED

#27 [api build 4/7] RUN go mod download
#27 CACHED

#28 [api build 6/7] COPY internal ./internal
#28 CACHED

#29 [api build 7/7] RUN CGO_ENABLED=0 go build -buildvcs=false -trimpath -o /out/api ./cmd/api
#29 CACHED

#30 [api build 3/7] COPY go.mod go.sum ./
#30 CACHED

#31 [api stage-1 3/3] COPY --from=build /out/api /api
#31 CACHED

#22 [web] exporting to image
#22 exporting layers 0.0s done
#22 exporting manifest sha256:4161faada39a360b0e91ac5de3d29a77388e9bb1b3ccca2ee7142d6a306fe30a done
#22 exporting config sha256:2f3fccd543287dc5f983def54e8f836c265ea3ca45f607cdf4346aa9603fa724 done
#22 exporting attestation manifest sha256:39b5ac1fd5f39b123e8d377a11bbfde2b50027ca48414182c5be007f0776dc6d 0.1s done
#22 exporting manifest list sha256:159692b2c7af862dbeb27ecb5eafaaffab0230376d8bf4852ca79a8b64c6a536
#22 exporting manifest list sha256:159692b2c7af862dbeb27ecb5eafaaffab0230376d8bf4852ca79a8b64c6a536 0.0s done
#22 naming to docker.io/library/go-property-rental-folder-calibration-web:latest done
#22 unpacking to docker.io/library/go-property-rental-folder-calibration-web:latest 0.0s done
#22 DONE 0.2s

#32 [api] exporting to image
#32 exporting layers done
#32 exporting manifest sha256:a7829be6d9dc774f04941f6b93205c4f41d86d19aa549baa3a7cd53e3525d0dc done
#32 exporting config sha256:656ab9f43c62578fe9535a68b84a31e2b719e623ef4cbe615294697a68d7f132 done
#32 exporting attestation manifest sha256:82da1f108364fc73c1940711524b46096e9a7da4e6f94d7723b75667e97feef6 0.1s done
#32 exporting manifest list sha256:eb46ee86b757e186fbfe0b4680e4d69a0b38776f79f48e80a32c171cc332b61f 0.0s done
#32 naming to docker.io/library/go-property-rental-folder-calibration-api:latest done
#32 unpacking to docker.io/library/go-property-rental-folder-calibration-api:latest done
#32 DONE 0.2s

#33 [api] resolving provenance for metadata file
#33 DONE 0.0s

#34 [web] resolving provenance for metadata file
#34 DONE 0.0s
