#1 [internal] load local bake definitions
#1 reading from stdin 1.22kB done
#1 DONE 0.0s

#2 [web internal] load build definition from Dockerfile
#2 transferring dockerfile: 273B done
#2 DONE 0.0s

#3 [api internal] load build definition from Dockerfile
#3 transferring dockerfile: 375B done
#3 DONE 0.0s

#4 [web internal] load metadata for docker.io/library/nginx:1.27-alpine
#4 DONE 0.0s

#5 [api internal] load metadata for docker.io/library/alpine:3.20
#5 DONE 0.0s

#6 [web internal] load metadata for docker.io/library/node:24-alpine
#6 DONE 0.2s

#7 [api internal] load metadata for docker.io/library/golang:1.22-alpine
#7 DONE 0.2s

#8 [web internal] load .dockerignore
#8 transferring context: 79B done
#8 DONE 0.0s

#9 [api internal] load .dockerignore
#9 transferring context: 114B done
#9 DONE 0.0s

#10 [web internal] load build context
#10 transferring context: 1.49kB done
#10 DONE 0.0s

#11 [web stage-1 1/3] FROM docker.io/library/nginx:1.27-alpine@sha256:65645c7bb6a0661892a8b03b89d0743208a18dd2f3f17a54ef4b76fb8e2f2a10
#11 resolve docker.io/library/nginx:1.27-alpine@sha256:65645c7bb6a0661892a8b03b89d0743208a18dd2f3f17a54ef4b76fb8e2f2a10 0.0s done
#11 DONE 0.0s

#12 [web build 1/6] FROM docker.io/library/node:24-alpine@sha256:d32cdf619f63fe0471182d08996dd516c6275bb5fd31ae06e55a570bd9e1ad43
#12 resolve docker.io/library/node:24-alpine@sha256:d32cdf619f63fe0471182d08996dd516c6275bb5fd31ae06e55a570bd9e1ad43 0.0s done
#12 DONE 0.0s

#13 [api stage-1 1/3] FROM docker.io/library/alpine:3.20@sha256:d9e853e87e55526f6b2917df91a2115c36dd7c696a35be12163d44e6e2a4b6bc
#13 resolve docker.io/library/alpine:3.20@sha256:d9e853e87e55526f6b2917df91a2115c36dd7c696a35be12163d44e6e2a4b6bc 0.0s done
#13 DONE 0.0s

#14 [api build 1/7] FROM docker.io/library/golang:1.22-alpine@sha256:1699c10032ca2582ec89a24a1312d986a3f094aed3d5c1147b19880afe40e052
#14 resolve docker.io/library/golang:1.22-alpine@sha256:1699c10032ca2582ec89a24a1312d986a3f094aed3d5c1147b19880afe40e052 0.0s done
#14 DONE 0.0s

#15 [web stage-1 2/3] COPY --from=build /app/dist /usr/share/nginx/html
#15 CACHED

#16 [web build 4/6] RUN npm install
#16 CACHED

#17 [web build 5/6] COPY . .
#17 CACHED

#18 [web build 2/6] WORKDIR /app
#18 CACHED

#19 [web build 6/6] RUN npm run build
#19 CACHED

#20 [web build 3/6] COPY package.json .
#20 CACHED

#21 [web stage-1 3/3] COPY nginx.conf /etc/nginx/conf.d/default.conf
#21 CACHED

#22 [api internal] load build context
#22 transferring context: 6.68kB done
#22 DONE 0.0s

#23 [web] exporting to image
#23 exporting layers done
#23 ...

#24 [api build 5/7] COPY cmd ./cmd
#24 CACHED

#25 [api build 7/7] RUN CGO_ENABLED=0 go build -buildvcs=false -trimpath -o /out/api ./cmd/api
#25 CACHED

#26 [api build 2/7] WORKDIR /src
#26 CACHED

#27 [api build 6/7] COPY internal ./internal
#27 CACHED

#28 [api build 3/7] COPY go.mod go.sum ./
#28 CACHED

#29 [api stage-1 2/3] RUN adduser -D -u 10001 app
#29 CACHED

#30 [api build 4/7] RUN go mod download
#30 CACHED

#31 [api stage-1 3/3] COPY --from=build /out/api /api
#31 CACHED

#23 [web] exporting to image
#23 exporting manifest sha256:4161faada39a360b0e91ac5de3d29a77388e9bb1b3ccca2ee7142d6a306fe30a done
#23 exporting config sha256:2f3fccd543287dc5f983def54e8f836c265ea3ca45f607cdf4346aa9603fa724 done
#23 exporting attestation manifest sha256:867c9b2eee20986d8700259ba47e2636c9bd207f1649a70f4a6415d6d5894428 0.0s done
#23 exporting manifest list sha256:24e482594f628989e9610577083f44a774a3149c3c179021ca44b22186173ca5 0.0s done
#23 naming to docker.io/library/go-property-rental-folder-calibration-web:latest done
#23 unpacking to docker.io/library/go-property-rental-folder-calibration-web:latest
#23 unpacking to docker.io/library/go-property-rental-folder-calibration-web:latest 0.0s done
#23 DONE 0.2s

#32 [api] exporting to image
#32 exporting layers done
#32 exporting manifest sha256:09553f9e0453b09b424fb8c50e3490b78f80211ecb431469febeaf6e93fc4629 done
#32 exporting config sha256:576fa75d7b8113b9dc7693bb24e6e8b01701d81c542da5007c600f3fd7e18df1 done
#32 exporting attestation manifest sha256:d9a1087eb36d56856f1916ac7291ee9230c4a7323126316f6092a1478999170e 0.0s done
#32 exporting manifest list sha256:11338631c607aa0d5d9d11be317a2cc742a698c4c00c24092d2e52b3e6f89ec8 0.0s done
#32 naming to docker.io/library/go-property-rental-folder-calibration-api:latest done
#32 unpacking to docker.io/library/go-property-rental-folder-calibration-api:latest done
#32 DONE 0.1s

#33 [api] resolving provenance for metadata file
#33 DONE 0.1s

#34 [web] resolving provenance for metadata file
#34 DONE 0.0s
