#1 [internal] load local bake definitions
#1 reading from stdin 1.22kB 0.0s done
#1 DONE 0.0s

#2 [web internal] load build definition from Dockerfile
#2 transferring dockerfile: 273B 0.0s done
#2 DONE 0.0s

#3 [api internal] load build definition from Dockerfile
#3 transferring dockerfile: 375B done
#3 DONE 0.1s

#4 [web internal] load metadata for docker.io/library/nginx:1.27-alpine
#4 DONE 0.1s

#5 [api internal] load metadata for docker.io/library/golang:1.22-alpine
#5 DONE 0.2s

#6 [api internal] load metadata for docker.io/library/alpine:3.20
#6 DONE 0.1s

#7 [web internal] load metadata for docker.io/library/node:24-alpine
#7 DONE 0.3s

#8 [api internal] load .dockerignore
#8 transferring context: 114B done
#8 DONE 0.1s

#9 [web internal] load .dockerignore
#9 transferring context: 79B 0.0s done
#9 DONE 0.0s

#10 [api internal] load build context
#10 DONE 0.0s

#11 [api build 1/7] FROM docker.io/library/golang:1.22-alpine@sha256:1699c10032ca2582ec89a24a1312d986a3f094aed3d5c1147b19880afe40e052
#11 resolve docker.io/library/golang:1.22-alpine@sha256:1699c10032ca2582ec89a24a1312d986a3f094aed3d5c1147b19880afe40e052 0.1s done
#11 DONE 0.1s

#12 [web internal] load build context
#12 transferring context: 181.65kB 0.1s done
#12 DONE 0.1s

#13 [api stage-1 1/3] FROM docker.io/library/alpine:3.20@sha256:d9e853e87e55526f6b2917df91a2115c36dd7c696a35be12163d44e6e2a4b6bc
#13 resolve docker.io/library/alpine:3.20@sha256:d9e853e87e55526f6b2917df91a2115c36dd7c696a35be12163d44e6e2a4b6bc 0.1s done
#13 DONE 0.1s

#14 [web stage-1 1/3] FROM docker.io/library/nginx:1.27-alpine@sha256:65645c7bb6a0661892a8b03b89d0743208a18dd2f3f17a54ef4b76fb8e2f2a10
#14 resolve docker.io/library/nginx:1.27-alpine@sha256:65645c7bb6a0661892a8b03b89d0743208a18dd2f3f17a54ef4b76fb8e2f2a10 0.1s done
#14 DONE 0.1s

#15 [web build 1/6] FROM docker.io/library/node:24-alpine@sha256:d32cdf619f63fe0471182d08996dd516c6275bb5fd31ae06e55a570bd9e1ad43
#15 resolve docker.io/library/node:24-alpine@sha256:d32cdf619f63fe0471182d08996dd516c6275bb5fd31ae06e55a570bd9e1ad43 0.1s done
#15 DONE 0.1s

#16 [web build 5/6] COPY . .
#16 CACHED

#17 [web build 3/6] COPY package.json .
#17 CACHED

#18 [web build 6/6] RUN npm run build
#18 CACHED

#19 [web build 2/6] WORKDIR /app
#19 CACHED

#20 [web stage-1 2/3] COPY --from=build /app/dist /usr/share/nginx/html
#20 CACHED

#21 [web build 4/6] RUN npm install
#21 CACHED

#22 [web stage-1 3/3] COPY nginx.conf /etc/nginx/conf.d/default.conf
#22 CACHED

#10 [api internal] load build context
#10 transferring context: 277.40kB 0.1s done
#10 DONE 0.2s

#23 [api build 5/7] COPY cmd ./cmd
#23 CACHED

#24 [api build 7/7] RUN CGO_ENABLED=0 go build -buildvcs=false -trimpath -o /out/api ./cmd/api
#24 CACHED

#25 [api build 3/7] COPY go.mod go.sum ./
#25 CACHED

#26 [api build 6/7] COPY internal ./internal
#26 CACHED

#27 [api build 2/7] WORKDIR /src
#27 CACHED

#28 [api build 4/7] RUN go mod download
#28 CACHED

#29 [api stage-1 2/3] RUN adduser -D -u 10001 app
#29 CACHED

#30 [api stage-1 3/3] COPY --from=build /out/api /api
#30 CACHED

#31 [api] exporting to image
#31 exporting layers done
#31 exporting manifest sha256:a7829be6d9dc774f04941f6b93205c4f41d86d19aa549baa3a7cd53e3525d0dc done
#31 exporting config sha256:656ab9f43c62578fe9535a68b84a31e2b719e623ef4cbe615294697a68d7f132 done
#31 exporting attestation manifest sha256:b01cca3ebf53100bb76a4c915d27dc7d90e93db7b1a3f47fdece3f7796eb36ca 0.1s done
#31 exporting manifest list sha256:3dfd48f33fa2690a4ae950305c1a1e1a36bef0dd545feab96f1d2bd5f530008b
#31 exporting manifest list sha256:3dfd48f33fa2690a4ae950305c1a1e1a36bef0dd545feab96f1d2bd5f530008b 0.0s done
#31 naming to docker.io/library/go-property-rental-folder-calibration-api:latest done
#31 unpacking to docker.io/library/go-property-rental-folder-calibration-api:latest 0.0s done
#31 DONE 0.3s

#32 [web] exporting to image
#32 exporting layers 0.0s done
#32 exporting manifest sha256:4161faada39a360b0e91ac5de3d29a77388e9bb1b3ccca2ee7142d6a306fe30a done
#32 exporting config sha256:2f3fccd543287dc5f983def54e8f836c265ea3ca45f607cdf4346aa9603fa724 done
#32 exporting attestation manifest sha256:3c086ba66c683bea0765288004cde7a0851063a2b8a917833eb9ff1a3782d194 0.1s done
#32 exporting manifest list sha256:d3c338ef46716a6b4d524f0af56add6a92c1c8732ab9801146a9355c83c41999 0.0s done
#32 naming to docker.io/library/go-property-rental-folder-calibration-web:latest 0.0s done
#32 unpacking to docker.io/library/go-property-rental-folder-calibration-web:latest 0.0s done
#32 DONE 0.5s

#33 [api] resolving provenance for metadata file
#33 DONE 0.0s

#34 [web] resolving provenance for metadata file
#34 DONE 0.0s
