#1 [internal] load local bake definitions
#1 reading from stdin 1.22kB done
#1 DONE 0.0s

#2 [api internal] load build definition from Dockerfile
#2 transferring dockerfile: 375B done
#2 DONE 0.0s

#3 [web internal] load build definition from Dockerfile
#3 transferring dockerfile: 273B done
#3 DONE 0.0s

#4 [api internal] load metadata for docker.io/library/alpine:3.20
#4 DONE 0.0s

#5 [web internal] load metadata for docker.io/library/nginx:1.27-alpine
#5 DONE 0.0s

#6 [web internal] load metadata for docker.io/library/node:24-alpine
#6 DONE 0.2s

#7 [api internal] load metadata for docker.io/library/golang:1.22-alpine
#7 DONE 0.2s

#8 [web internal] load .dockerignore
#8 transferring context: 79B done
#8 DONE 0.0s

#9 [api internal] load .dockerignore
#9 transferring context: 114B done
#9 DONE 0.0s

#10 [web internal] load build context
#10 transferring context: 1.49kB done
#10 DONE 0.0s

#11 [web stage-1 1/3] FROM docker.io/library/nginx:1.27-alpine@sha256:65645c7bb6a0661892a8b03b89d0743208a18dd2f3f17a54ef4b76fb8e2f2a10
#11 resolve docker.io/library/nginx:1.27-alpine@sha256:65645c7bb6a0661892a8b03b89d0743208a18dd2f3f17a54ef4b76fb8e2f2a10 0.0s done
#11 DONE 0.0s

#12 [web build 1/6] FROM docker.io/library/node:24-alpine@sha256:d32cdf619f63fe0471182d08996dd516c6275bb5fd31ae06e55a570bd9e1ad43
#12 resolve docker.io/library/node:24-alpine@sha256:d32cdf619f63fe0471182d08996dd516c6275bb5fd31ae06e55a570bd9e1ad43 0.0s done
#12 DONE 0.0s

#13 [api build 1/7] FROM docker.io/library/golang:1.22-alpine@sha256:1699c10032ca2582ec89a24a1312d986a3f094aed3d5c1147b19880afe40e052
#13 resolve docker.io/library/golang:1.22-alpine@sha256:1699c10032ca2582ec89a24a1312d986a3f094aed3d5c1147b19880afe40e052 0.0s done
#13 DONE 0.0s

#14 [api stage-1 1/3] FROM docker.io/library/alpine:3.20@sha256:d9e853e87e55526f6b2917df91a2115c36dd7c696a35be12163d44e6e2a4b6bc
#14 resolve docker.io/library/alpine:3.20@sha256:d9e853e87e55526f6b2917df91a2115c36dd7c696a35be12163d44e6e2a4b6bc 0.0s done
#14 DONE 0.0s

#15 [web build 3/6] COPY package.json .
#15 CACHED

#16 [web stage-1 2/3] COPY --from=build /app/dist /usr/share/nginx/html
#16 CACHED

#17 [web build 2/6] WORKDIR /app
#17 CACHED

#18 [web build 5/6] COPY . .
#18 CACHED

#19 [web build 4/6] RUN npm install
#19 CACHED

#20 [web build 6/6] RUN npm run build
#20 CACHED

#21 [web stage-1 3/3] COPY nginx.conf /etc/nginx/conf.d/default.conf
#21 CACHED

#22 [api internal] load build context
#22 transferring context: 6.68kB 0.0s done
#22 DONE 0.0s

#23 [api build 3/7] COPY go.mod go.sum ./
#23 CACHED

#24 [api build 5/7] COPY cmd ./cmd
#24 CACHED

#25 [api build 4/7] RUN go mod download
#25 CACHED

#26 [api stage-1 2/3] RUN adduser -D -u 10001 app
#26 CACHED

#27 [api build 6/7] COPY internal ./internal
#27 CACHED

#28 [api build 2/7] WORKDIR /src
#28 CACHED

#29 [api build 7/7] RUN CGO_ENABLED=0 go build -buildvcs=false -trimpath -o /out/api ./cmd/api
#29 CACHED

#30 [api stage-1 3/3] COPY --from=build /out/api /api
#30 CACHED

#31 [web] exporting to image
#31 exporting layers 0.0s done
#31 exporting manifest sha256:4161faada39a360b0e91ac5de3d29a77388e9bb1b3ccca2ee7142d6a306fe30a done
#31 exporting config sha256:2f3fccd543287dc5f983def54e8f836c265ea3ca45f607cdf4346aa9603fa724 done
#31 ...

#32 [api] exporting to image
#32 exporting layers done
#32 exporting manifest sha256:09553f9e0453b09b424fb8c50e3490b78f80211ecb431469febeaf6e93fc4629 done
#32 exporting config sha256:576fa75d7b8113b9dc7693bb24e6e8b01701d81c542da5007c600f3fd7e18df1 done
#32 exporting attestation manifest sha256:147dd7be0e81da726285cc237236246b0f56625ab6347084010b3dd0c4390973 0.0s done
#32 exporting manifest list sha256:ddbf90795382983ce50efbb23d4c7dfcaa9dedd276ce2b0caf66cdcd796a0037 0.0s done
#32 naming to docker.io/library/go-property-rental-folder-calibration-api:latest done
#32 unpacking to docker.io/library/go-property-rental-folder-calibration-api:latest done
#32 DONE 0.1s

#31 [web] exporting to image
#31 exporting attestation manifest sha256:8691e26f8dd1d3a8a16fa485b7ff869ab9c496c41751606dc9134b0143c06b26 0.0s done
#31 exporting manifest list sha256:3e51def64d8508cf1cc2e2bccec5ec040d58223d03083d044f908b0274575fcf 0.0s done
#31 naming to docker.io/library/go-property-rental-folder-calibration-web:latest done
#31 unpacking to docker.io/library/go-property-rental-folder-calibration-web:latest 0.0s done
#31 DONE 0.2s

#33 [api] resolving provenance for metadata file
#33 DONE 0.0s

#34 [web] resolving provenance for metadata file
#34 DONE 0.0s
