#1 [internal] load local bake definitions
#1 reading from stdin 1.22kB done
#1 DONE 0.0s

#2 [api internal] load build definition from Dockerfile
#2 transferring dockerfile: 375B done
#2 DONE 0.0s

#3 [web internal] load build definition from Dockerfile
#3 transferring dockerfile: 273B done
#3 DONE 0.0s

#4 [api internal] load metadata for docker.io/library/alpine:3.20
#4 DONE 0.0s

#5 [web internal] load metadata for docker.io/library/nginx:1.27-alpine
#5 DONE 0.0s

#6 [api internal] load metadata for docker.io/library/golang:1.22-alpine
#6 DONE 0.1s

#7 [web internal] load metadata for docker.io/library/node:24-alpine
#7 DONE 0.2s

#8 [api internal] load .dockerignore
#8 transferring context: 114B done
#8 DONE 0.0s

#9 [api build 1/7] FROM docker.io/library/golang:1.22-alpine@sha256:1699c10032ca2582ec89a24a1312d986a3f094aed3d5c1147b19880afe40e052
#9 resolve docker.io/library/golang:1.22-alpine@sha256:1699c10032ca2582ec89a24a1312d986a3f094aed3d5c1147b19880afe40e052 0.0s done
#9 DONE 0.0s

#10 [api stage-1 1/3] FROM docker.io/library/alpine:3.20@sha256:d9e853e87e55526f6b2917df91a2115c36dd7c696a35be12163d44e6e2a4b6bc
#10 resolve docker.io/library/alpine:3.20@sha256:d9e853e87e55526f6b2917df91a2115c36dd7c696a35be12163d44e6e2a4b6bc 0.0s done
#10 DONE 0.0s

#11 [web internal] load .dockerignore
#11 transferring context: 79B done
#11 DONE 0.0s

#12 [api internal] load build context
#12 transferring context: 6.68kB done
#12 DONE 0.0s

#13 [api build 4/7] RUN go mod download
#13 CACHED

#14 [api build 3/7] COPY go.mod go.sum ./
#14 CACHED

#15 [api build 5/7] COPY cmd ./cmd
#15 CACHED

#16 [api build 2/7] WORKDIR /src
#16 CACHED

#17 [api build 6/7] COPY internal ./internal
#17 CACHED

#18 [api build 7/7] RUN CGO_ENABLED=0 go build -buildvcs=false -trimpath -o /out/api ./cmd/api
#18 CACHED

#19 [api stage-1 2/3] RUN adduser -D -u 10001 app
#19 CACHED

#20 [api stage-1 3/3] COPY --from=build /out/api /api
#20 CACHED

#21 [web internal] load build context
#21 transferring context: 1.49kB done
#21 DONE 0.0s

#22 [web build 1/6] FROM docker.io/library/node:24-alpine@sha256:d32cdf619f63fe0471182d08996dd516c6275bb5fd31ae06e55a570bd9e1ad43
#22 resolve docker.io/library/node:24-alpine@sha256:d32cdf619f63fe0471182d08996dd516c6275bb5fd31ae06e55a570bd9e1ad43 0.0s done
#22 DONE 0.0s

#23 [web stage-1 1/3] FROM docker.io/library/nginx:1.27-alpine@sha256:65645c7bb6a0661892a8b03b89d0743208a18dd2f3f17a54ef4b76fb8e2f2a10
#23 resolve docker.io/library/nginx:1.27-alpine@sha256:65645c7bb6a0661892a8b03b89d0743208a18dd2f3f17a54ef4b76fb8e2f2a10 0.0s done
#23 DONE 0.0s

#24 [web build 2/6] WORKDIR /app
#24 CACHED

#25 [web build 6/6] RUN npm run build
#25 CACHED

#26 [web build 5/6] COPY . .
#26 CACHED

#27 [web build 3/6] COPY package.json .
#27 CACHED

#28 [web build 4/6] RUN npm install
#28 CACHED

#29 [web stage-1 2/3] COPY --from=build /app/dist /usr/share/nginx/html
#29 CACHED

#30 [web stage-1 3/3] COPY nginx.conf /etc/nginx/conf.d/default.conf
#30 CACHED

#31 [api] exporting to image
#31 exporting layers done
#31 exporting manifest sha256:a7829be6d9dc774f04941f6b93205c4f41d86d19aa549baa3a7cd53e3525d0dc done
#31 exporting config sha256:656ab9f43c62578fe9535a68b84a31e2b719e623ef4cbe615294697a68d7f132 done
#31 exporting attestation manifest sha256:af0b46694dc4d76d171f60ee9d4b09a00b4a086ff71ff74829039f447b0cbdc1 0.0s done
#31 exporting manifest list sha256:4df75fd23aa3bbe6f19fe2d09dbf0c8f3efe1929abbbcf06cee6eaa9666b25a9 0.0s done
#31 naming to docker.io/library/go-property-rental-folder-calibration-api:latest done
#31 unpacking to docker.io/library/go-property-rental-folder-calibration-api:latest done
#31 DONE 0.1s

#32 [web] exporting to image
#32 exporting layers done
#32 exporting manifest sha256:4161faada39a360b0e91ac5de3d29a77388e9bb1b3ccca2ee7142d6a306fe30a done
#32 exporting config sha256:2f3fccd543287dc5f983def54e8f836c265ea3ca45f607cdf4346aa9603fa724 done
#32 exporting attestation manifest sha256:733edce6af20ff044880b10da10e0047525c62552741b7c43dbe63ead4f9007d 0.0s done
#32 exporting manifest list sha256:c360513758243c5244870a469171ab12b5086a7c21701be5d194289db98f453c 0.0s done
#32 naming to docker.io/library/go-property-rental-folder-calibration-web:latest 0.0s done
#32 unpacking to docker.io/library/go-property-rental-folder-calibration-web:latest 0.0s done
#32 DONE 0.2s

#33 [api] resolving provenance for metadata file
#33 DONE 0.0s

#34 [web] resolving provenance for metadata file
#34 DONE 0.0s
