#1 [internal] load local bake definitions
#1 reading from stdin 1.22kB done
#1 DONE 0.0s

#2 [web internal] load build definition from Dockerfile
#2 transferring dockerfile: 273B done
#2 DONE 0.0s

#3 [api internal] load build definition from Dockerfile
#3 transferring dockerfile: 375B done
#3 DONE 0.0s

#4 [web internal] load metadata for docker.io/library/nginx:1.27-alpine
#4 DONE 0.0s

#5 [api internal] load metadata for docker.io/library/alpine:3.20
#5 DONE 0.0s

#6 [api internal] load metadata for docker.io/library/golang:1.22-alpine
#6 DONE 0.2s

#7 [web internal] load metadata for docker.io/library/node:24-alpine
#7 DONE 0.2s

#8 [api internal] load .dockerignore
#8 transferring context: 114B done
#8 DONE 0.0s

#9 [web internal] load .dockerignore
#9 transferring context: 79B done
#9 DONE 0.0s

#10 [web internal] load build context
#10 transferring context: 1.49kB done
#10 DONE 0.0s

#11 [api build 1/7] FROM docker.io/library/golang:1.22-alpine@sha256:1699c10032ca2582ec89a24a1312d986a3f094aed3d5c1147b19880afe40e052
#11 resolve docker.io/library/golang:1.22-alpine@sha256:1699c10032ca2582ec89a24a1312d986a3f094aed3d5c1147b19880afe40e052 0.0s done
#11 DONE 0.0s

#12 [api stage-1 1/3] FROM docker.io/library/alpine:3.20@sha256:d9e853e87e55526f6b2917df91a2115c36dd7c696a35be12163d44e6e2a4b6bc
#12 resolve docker.io/library/alpine:3.20@sha256:d9e853e87e55526f6b2917df91a2115c36dd7c696a35be12163d44e6e2a4b6bc 0.0s done
#12 DONE 0.0s

#13 [api internal] load build context
#13 transferring context: 6.68kB done
#13 DONE 0.0s

#14 [api build 3/7] COPY go.mod go.sum ./
#14 CACHED

#15 [api build 4/7] RUN go mod download
#15 CACHED

#16 [api build 6/7] COPY internal ./internal
#16 CACHED

#17 [api build 5/7] COPY cmd ./cmd
#17 CACHED

#18 [api build 7/7] RUN CGO_ENABLED=0 go build -buildvcs=false -trimpath -o /out/api ./cmd/api
#18 CACHED

#19 [api build 2/7] WORKDIR /src
#19 CACHED

#20 [api stage-1 2/3] RUN adduser -D -u 10001 app
#20 CACHED

#21 [api stage-1 3/3] COPY --from=build /out/api /api
#21 CACHED

#22 [web stage-1 1/3] FROM docker.io/library/nginx:1.27-alpine@sha256:65645c7bb6a0661892a8b03b89d0743208a18dd2f3f17a54ef4b76fb8e2f2a10
#22 resolve docker.io/library/nginx:1.27-alpine@sha256:65645c7bb6a0661892a8b03b89d0743208a18dd2f3f17a54ef4b76fb8e2f2a10 0.0s done
#22 DONE 0.0s

#23 [web build 1/6] FROM docker.io/library/node:24-alpine@sha256:d32cdf619f63fe0471182d08996dd516c6275bb5fd31ae06e55a570bd9e1ad43
#23 resolve docker.io/library/node:24-alpine@sha256:d32cdf619f63fe0471182d08996dd516c6275bb5fd31ae06e55a570bd9e1ad43 0.0s done
#23 DONE 0.0s

#24 [api] exporting to image
#24 exporting layers done
#24 exporting manifest sha256:a7829be6d9dc774f04941f6b93205c4f41d86d19aa549baa3a7cd53e3525d0dc done
#24 exporting config sha256:656ab9f43c62578fe9535a68b84a31e2b719e623ef4cbe615294697a68d7f132 done
#24 exporting attestation manifest sha256:b56b1170d24d07b1a3125310e1c73fbfc23fe36ab70597f37859bc90700da9e0 0.0s done
#24 exporting manifest list sha256:58ffe7bc391a5f6b2b8aacf01c78471503b596d6e3d25adf7380ede572df1e68 0.0s done
#24 naming to docker.io/library/go-property-rental-folder-calibration-api:latest done
#24 unpacking to docker.io/library/go-property-rental-folder-calibration-api:latest done
#24 DONE 0.1s

#25 [web build 5/6] COPY . .
#25 CACHED

#26 [web build 6/6] RUN npm run build
#26 CACHED

#27 [web build 3/6] COPY package.json .
#27 CACHED

#28 [web stage-1 2/3] COPY --from=build /app/dist /usr/share/nginx/html
#28 CACHED

#29 [web build 2/6] WORKDIR /app
#29 CACHED

#30 [web build 4/6] RUN npm install
#30 CACHED

#31 [web stage-1 3/3] COPY nginx.conf /etc/nginx/conf.d/default.conf
#31 CACHED

#32 [web] exporting to image
#32 exporting layers done
#32 exporting manifest sha256:4161faada39a360b0e91ac5de3d29a77388e9bb1b3ccca2ee7142d6a306fe30a done
#32 exporting config sha256:2f3fccd543287dc5f983def54e8f836c265ea3ca45f607cdf4346aa9603fa724 done
#32 exporting attestation manifest sha256:9ad678579d223c38a82ec4d27c62359f25fb1005f77187d6f58c72e6dd17c439 0.1s done
#32 exporting manifest list sha256:8f09222baabc20f8d3c6ba2713fc6de65a4afe280459d94fc032e31fb9faf0fc
#32 exporting manifest list sha256:8f09222baabc20f8d3c6ba2713fc6de65a4afe280459d94fc032e31fb9faf0fc 0.0s done
#32 naming to docker.io/library/go-property-rental-folder-calibration-web:latest 0.0s done
#32 unpacking to docker.io/library/go-property-rental-folder-calibration-web:latest 0.0s done
#32 DONE 0.3s

#33 [api] resolving provenance for metadata file
#33 DONE 0.0s

#34 [web] resolving provenance for metadata file
#34 DONE 0.0s
