#1 [internal] load local bake definitions
#1 reading from stdin 1.15kB 0.0s done
#1 DONE 0.0s

#2 [web internal] load build definition from Dockerfile
#2 transferring dockerfile: 273B done
#2 DONE 0.0s

#3 [api internal] load build definition from Dockerfile
#3 transferring dockerfile: 375B done
#3 DONE 0.0s

#4 [web internal] load metadata for docker.io/library/nginx:1.27-alpine
#4 DONE 0.0s

#5 [api internal] load metadata for docker.io/library/alpine:3.20
#5 DONE 0.0s

#6 [api internal] load metadata for docker.io/library/golang:1.22-alpine
#6 DONE 0.3s

#7 [web internal] load metadata for docker.io/library/node:24-alpine
#7 DONE 0.3s

#8 [api internal] load .dockerignore
#8 transferring context: 114B done
#8 DONE 0.0s

#9 [web internal] load .dockerignore
#9 transferring context: 79B done
#9 DONE 0.0s

#10 [web internal] load build context
#10 transferring context: 1.49kB done
#10 DONE 0.0s

#11 [api build 1/7] FROM docker.io/library/golang:1.22-alpine@sha256:1699c10032ca2582ec89a24a1312d986a3f094aed3d5c1147b19880afe40e052
#11 resolve docker.io/library/golang:1.22-alpine@sha256:1699c10032ca2582ec89a24a1312d986a3f094aed3d5c1147b19880afe40e052 0.0s done
#11 DONE 0.0s

#12 [api stage-1 1/3] FROM docker.io/library/alpine:3.20@sha256:d9e853e87e55526f6b2917df91a2115c36dd7c696a35be12163d44e6e2a4b6bc
#12 resolve docker.io/library/alpine:3.20@sha256:d9e853e87e55526f6b2917df91a2115c36dd7c696a35be12163d44e6e2a4b6bc 0.1s done
#12 DONE 0.1s

#13 [web build 1/6] FROM docker.io/library/node:24-alpine@sha256:d32cdf619f63fe0471182d08996dd516c6275bb5fd31ae06e55a570bd9e1ad43
#13 resolve docker.io/library/node:24-alpine@sha256:d32cdf619f63fe0471182d08996dd516c6275bb5fd31ae06e55a570bd9e1ad43 0.0s done
#13 DONE 0.0s

#14 [web stage-1 1/3] FROM docker.io/library/nginx:1.27-alpine@sha256:65645c7bb6a0661892a8b03b89d0743208a18dd2f3f17a54ef4b76fb8e2f2a10
#14 resolve docker.io/library/nginx:1.27-alpine@sha256:65645c7bb6a0661892a8b03b89d0743208a18dd2f3f17a54ef4b76fb8e2f2a10 0.0s done
#14 DONE 0.0s

#15 [api internal] load build context
#15 transferring context: 14.04kB 0.0s done
#15 DONE 0.0s

#16 [web build 5/6] COPY . .
#16 CACHED

#17 [web build 6/6] RUN npm run build
#17 CACHED

#18 [web build 3/6] COPY package.json .
#18 CACHED

#19 [web build 4/6] RUN npm install
#19 CACHED

#20 [web build 2/6] WORKDIR /app
#20 CACHED

#21 [web stage-1 2/3] COPY --from=build /app/dist /usr/share/nginx/html
#21 CACHED

#22 [web stage-1 3/3] COPY nginx.conf /etc/nginx/conf.d/default.conf
#22 CACHED

#23 [api build 2/7] WORKDIR /src
#23 CACHED

#24 [api build 3/7] COPY go.mod go.sum ./
#24 CACHED

#25 [api build 4/7] RUN go mod download
#25 CACHED

#26 [api build 5/7] COPY cmd ./cmd
#26 CACHED

#27 [api build 6/7] COPY internal ./internal
#27 DONE 0.1s

#28 [web] exporting to image
#28 exporting layers done
#28 exporting manifest sha256:e53b73568ee8aefdf214c82df547432f365268ca42dd5b856e5d2a80e71285ff done
#28 exporting config sha256:73db321c5384147f98f2958207109e65c2829b7d661c12f5d2d55c3cad4d9d41 done
#28 exporting attestation manifest sha256:0efc8f23b7330af1270a6afb3dddaf757c57e21e7b8f1f0ce93a686c9746b9fc 0.0s done
#28 exporting manifest list sha256:772006fb6ed24b80df7a78fb04b39421bf60b9ae2a788f53b194128d31e17437 0.0s done
#28 naming to docker.io/library/go-property-rental-formal-gold-web:latest done
#28 unpacking to docker.io/library/go-property-rental-formal-gold-web:latest 0.0s done
#28 DONE 0.2s

#29 [api build 7/7] RUN CGO_ENABLED=0 go build -buildvcs=false -trimpath -o /out/api ./cmd/api
#29 ...

#30 [web] resolving provenance for metadata file
#30 DONE 0.0s

#29 [api build 7/7] RUN CGO_ENABLED=0 go build -buildvcs=false -trimpath -o /out/api ./cmd/api
#29 DONE 9.8s

#31 [api stage-1 2/3] RUN adduser -D -u 10001 app
#31 CACHED

#32 [api stage-1 3/3] COPY --from=build /out/api /api
#32 DONE 0.0s

#33 [api] exporting to image
#33 exporting layers
#33 exporting layers 0.4s done
#33 exporting manifest sha256:432aa48a139ca44d8cc3e3f219012f276101354d6b6ab221c1bbc547d42be6bf 0.0s done
#33 exporting config sha256:f5b92a35809c010b8d2d1a1bbc786b35af6d7c5eeeaadc51779f3c3855651f33 0.0s done
#33 exporting attestation manifest sha256:e5d5159d9a8ef7923d3d35b87939b7b781cb64fab731c6c747d9436eb0ffb4f0 0.0s done
#33 exporting manifest list sha256:b2e318fdcf19a5df642dbc225319664661268dcdf56936080251ea6c5a28376c done
#33 naming to docker.io/library/go-property-rental-formal-gold-api:latest done
#33 unpacking to docker.io/library/go-property-rental-formal-gold-api:latest 0.0s done
#33 DONE 0.5s

#34 [api] resolving provenance for metadata file
#34 DONE 0.0s
