#1 [internal] load local bake definitions
#1 reading from stdin 1.15kB done
#1 DONE 0.0s

#2 [web internal] load build definition from Dockerfile
#2 transferring dockerfile: 273B done
#2 DONE 0.0s

#3 [api internal] load build definition from Dockerfile
#3 transferring dockerfile: 375B done
#3 DONE 0.0s

#4 [web internal] load metadata for docker.io/library/nginx:1.27-alpine
#4 DONE 0.0s

#5 [api internal] load metadata for docker.io/library/alpine:3.20
#5 DONE 0.0s

#6 [api internal] load metadata for docker.io/library/golang:1.22-alpine
#6 ...

#7 [web internal] load metadata for docker.io/library/node:24-alpine
#7 DONE 0.3s

#8 [web internal] load .dockerignore
#8 transferring context: 79B done
#8 DONE 0.0s

#9 [web internal] load build context
#9 transferring context: 1.49kB done
#9 DONE 0.0s

#6 [api internal] load metadata for docker.io/library/golang:1.22-alpine
#6 DONE 0.3s

#10 [api internal] load .dockerignore
#10 transferring context: 114B done
#10 DONE 0.0s

#11 [web build 1/6] FROM docker.io/library/node:24-alpine@sha256:d32cdf619f63fe0471182d08996dd516c6275bb5fd31ae06e55a570bd9e1ad43
#11 resolve docker.io/library/node:24-alpine@sha256:d32cdf619f63fe0471182d08996dd516c6275bb5fd31ae06e55a570bd9e1ad43 0.0s done
#11 DONE 0.0s

#12 [web stage-1 1/3] FROM docker.io/library/nginx:1.27-alpine@sha256:65645c7bb6a0661892a8b03b89d0743208a18dd2f3f17a54ef4b76fb8e2f2a10
#12 resolve docker.io/library/nginx:1.27-alpine@sha256:65645c7bb6a0661892a8b03b89d0743208a18dd2f3f17a54ef4b76fb8e2f2a10 0.0s done
#12 DONE 0.0s

#13 [web build 3/6] COPY package.json .
#13 CACHED

#14 [web build 4/6] RUN npm install
#14 CACHED

#15 [web build 5/6] COPY . .
#15 CACHED

#16 [web build 2/6] WORKDIR /app
#16 CACHED

#17 [web build 6/6] RUN npm run build
#17 CACHED

#18 [web stage-1 2/3] COPY --from=build /app/dist /usr/share/nginx/html
#18 CACHED

#19 [api internal] load build context
#19 DONE 0.0s

#20 [web stage-1 3/3] COPY nginx.conf /etc/nginx/conf.d/default.conf
#20 CACHED

#21 [web] exporting to image
#21 ...

#22 [api build 1/7] FROM docker.io/library/golang:1.22-alpine@sha256:1699c10032ca2582ec89a24a1312d986a3f094aed3d5c1147b19880afe40e052
#22 resolve docker.io/library/golang:1.22-alpine@sha256:1699c10032ca2582ec89a24a1312d986a3f094aed3d5c1147b19880afe40e052 0.0s done
#22 DONE 0.0s

#23 [api stage-1 1/3] FROM docker.io/library/alpine:3.20@sha256:d9e853e87e55526f6b2917df91a2115c36dd7c696a35be12163d44e6e2a4b6bc
#23 resolve docker.io/library/alpine:3.20@sha256:d9e853e87e55526f6b2917df91a2115c36dd7c696a35be12163d44e6e2a4b6bc 0.0s done
#23 DONE 0.0s

#19 [api internal] load build context
#19 transferring context: 24.66kB 0.0s done
#19 DONE 0.0s

#24 [api build 2/7] WORKDIR /src
#24 CACHED

#25 [api build 4/7] RUN go mod download
#25 CACHED

#26 [api build 3/7] COPY go.mod go.sum ./
#26 CACHED

#27 [api build 5/7] COPY cmd ./cmd
#27 CACHED

#21 [web] exporting to image
#21 exporting layers done
#21 exporting manifest sha256:e53b73568ee8aefdf214c82df547432f365268ca42dd5b856e5d2a80e71285ff done
#21 exporting config sha256:73db321c5384147f98f2958207109e65c2829b7d661c12f5d2d55c3cad4d9d41 done
#21 exporting attestation manifest sha256:b687d432d895a08d500d249bbf5d6b5ba93fb5b5f3652f7b503af8b95506bd62 0.0s done
#21 exporting manifest list sha256:3ec1979966d3e58570f9ac1344c16aaff757b133bd4f7fef18ad674fbd2eed2a 0.0s done
#21 naming to docker.io/library/go-property-rental-formal-gold-web:latest done
#21 unpacking to docker.io/library/go-property-rental-formal-gold-web:latest 0.0s done
#21 DONE 0.2s

#28 [api build 6/7] COPY internal ./internal
#28 DONE 0.1s

#29 [api build 7/7] RUN CGO_ENABLED=0 go build -buildvcs=false -trimpath -o /out/api ./cmd/api
#29 ...

#30 [web] resolving provenance for metadata file
#30 DONE 0.0s

#29 [api build 7/7] RUN CGO_ENABLED=0 go build -buildvcs=false -trimpath -o /out/api ./cmd/api
#29 DONE 10.7s

#31 [api stage-1 2/3] RUN adduser -D -u 10001 app
#31 CACHED

#32 [api stage-1 3/3] COPY --from=build /out/api /api
#32 DONE 0.0s

#33 [api] exporting to image
#33 exporting layers
#33 exporting layers 0.7s done
#33 exporting manifest sha256:b09b3f0f859ddab683ab7188e16326a66c06d33e9a0b59c06835fe36611c3e4d 0.0s done
#33 exporting config sha256:2546560c7761ad241eb0edf310675cb099eedd29ee7068d27b7c6d545e807010 0.0s done
#33 exporting attestation manifest sha256:b3f4a11d1a4543adef0a848791389414a275e5c0e98be0b9c398ebc8809c97f3 0.0s done
#33 exporting manifest list sha256:a9559817e23428b804d8fd13081053b4f79cc28b0b82c14ddd1d7be288807646 0.0s done
#33 naming to docker.io/library/go-property-rental-formal-gold-api:latest
#33 naming to docker.io/library/go-property-rental-formal-gold-api:latest done
#33 unpacking to docker.io/library/go-property-rental-formal-gold-api:latest 0.1s done
#33 DONE 0.9s

#34 [api] resolving provenance for metadata file
#34 DONE 0.0s
